Archive member included to satisfy reference by file (symbol)

c:/program files (x86)/gnu arm embedded toolchain/9 2020-q2-update/bin/../lib/gcc/arm-none-eabi/9.3.1/../../../../arm-none-eabi/lib/thumb/v7e-m+fp/hard\libc.a(lib_a-exit.o)
                              c:/program files (x86)/gnu arm embedded toolchain/9 2020-q2-update/bin/../lib/gcc/arm-none-eabi/9.3.1/../../../../arm-none-eabi/lib/thumb/v7e-m+fp/hard/crt0.o (exit)
c:/program files (x86)/gnu arm embedded toolchain/9 2020-q2-update/bin/../lib/gcc/arm-none-eabi/9.3.1/../../../../arm-none-eabi/lib/thumb/v7e-m+fp/hard\libc.a(lib_a-impure.o)
                              c:/program files (x86)/gnu arm embedded toolchain/9 2020-q2-update/bin/../lib/gcc/arm-none-eabi/9.3.1/../../../../arm-none-eabi/lib/thumb/v7e-m+fp/hard\libc.a(lib_a-exit.o) (_global_impure_ptr)
c:/program files (x86)/gnu arm embedded toolchain/9 2020-q2-update/bin/../lib/gcc/arm-none-eabi/9.3.1/../../../../arm-none-eabi/lib/thumb/v7e-m+fp/hard\libc.a(lib_a-init.o)
                              c:/program files (x86)/gnu arm embedded toolchain/9 2020-q2-update/bin/../lib/gcc/arm-none-eabi/9.3.1/../../../../arm-none-eabi/lib/thumb/v7e-m+fp/hard/crt0.o (__libc_init_array)
c:/program files (x86)/gnu arm embedded toolchain/9 2020-q2-update/bin/../lib/gcc/arm-none-eabi/9.3.1/../../../../arm-none-eabi/lib/thumb/v7e-m+fp/hard\libc.a(lib_a-memset.o)
                              c:/program files (x86)/gnu arm embedded toolchain/9 2020-q2-update/bin/../lib/gcc/arm-none-eabi/9.3.1/../../../../arm-none-eabi/lib/thumb/v7e-m+fp/hard/crt0.o (memset)
c:/program files (x86)/gnu arm embedded toolchain/9 2020-q2-update/bin/../lib/gcc/arm-none-eabi/9.3.1/../../../../arm-none-eabi/lib/thumb/v7e-m+fp/hard\libc.a(lib_a-__call_atexit.o)
                              c:/program files (x86)/gnu arm embedded toolchain/9 2020-q2-update/bin/../lib/gcc/arm-none-eabi/9.3.1/../../../../arm-none-eabi/lib/thumb/v7e-m+fp/hard\libc.a(lib_a-exit.o) (__call_exitprocs)
c:/program files (x86)/gnu arm embedded toolchain/9 2020-q2-update/bin/../lib/gcc/arm-none-eabi/9.3.1/../../../../arm-none-eabi/lib/thumb/v7e-m+fp/hard\libc.a(lib_a-atexit.o)
                              c:/program files (x86)/gnu arm embedded toolchain/9 2020-q2-update/bin/../lib/gcc/arm-none-eabi/9.3.1/../../../../arm-none-eabi/lib/thumb/v7e-m+fp/hard\libc.a(lib_a-__call_atexit.o) (atexit)
c:/program files (x86)/gnu arm embedded toolchain/9 2020-q2-update/bin/../lib/gcc/arm-none-eabi/9.3.1/../../../../arm-none-eabi/lib/thumb/v7e-m+fp/hard\libc.a(lib_a-fini.o)
                              c:/program files (x86)/gnu arm embedded toolchain/9 2020-q2-update/bin/../lib/gcc/arm-none-eabi/9.3.1/../../../../arm-none-eabi/lib/thumb/v7e-m+fp/hard\libc.a(lib_a-__call_atexit.o) (__libc_fini_array)
c:/program files (x86)/gnu arm embedded toolchain/9 2020-q2-update/bin/../lib/gcc/arm-none-eabi/9.3.1/../../../../arm-none-eabi/lib/thumb/v7e-m+fp/hard\libc.a(lib_a-lock.o)
                              c:/program files (x86)/gnu arm embedded toolchain/9 2020-q2-update/bin/../lib/gcc/arm-none-eabi/9.3.1/../../../../arm-none-eabi/lib/thumb/v7e-m+fp/hard\libc.a(lib_a-__call_atexit.o) (__retarget_lock_acquire_recursive)
c:/program files (x86)/gnu arm embedded toolchain/9 2020-q2-update/bin/../lib/gcc/arm-none-eabi/9.3.1/../../../../arm-none-eabi/lib/thumb/v7e-m+fp/hard\libc.a(lib_a-__atexit.o)
                              c:/program files (x86)/gnu arm embedded toolchain/9 2020-q2-update/bin/../lib/gcc/arm-none-eabi/9.3.1/../../../../arm-none-eabi/lib/thumb/v7e-m+fp/hard\libc.a(lib_a-atexit.o) (__register_exitproc)
c:/program files (x86)/gnu arm embedded toolchain/9 2020-q2-update/bin/../lib/gcc/arm-none-eabi/9.3.1/../../../../arm-none-eabi/lib/thumb/v7e-m+fp/hard\libnosys.a(_exit.o)
                              c:/program files (x86)/gnu arm embedded toolchain/9 2020-q2-update/bin/../lib/gcc/arm-none-eabi/9.3.1/../../../../arm-none-eabi/lib/thumb/v7e-m+fp/hard\libc.a(lib_a-exit.o) (_exit)
c:/program files (x86)/gnu arm embedded toolchain/9 2020-q2-update/bin/../lib/gcc/arm-none-eabi/9.3.1/thumb/v7e-m+fp/hard\libgcc.a(_aeabi_uldivmod.o)
                              build/stm32f4xx_hal_rcc.o (__aeabi_uldivmod)
c:/program files (x86)/gnu arm embedded toolchain/9 2020-q2-update/bin/../lib/gcc/arm-none-eabi/9.3.1/thumb/v7e-m+fp/hard\libgcc.a(_udivmoddi4.o)
                              c:/program files (x86)/gnu arm embedded toolchain/9 2020-q2-update/bin/../lib/gcc/arm-none-eabi/9.3.1/thumb/v7e-m+fp/hard\libgcc.a(_aeabi_uldivmod.o) (__udivmoddi4)
c:/program files (x86)/gnu arm embedded toolchain/9 2020-q2-update/bin/../lib/gcc/arm-none-eabi/9.3.1/thumb/v7e-m+fp/hard\libgcc.a(_dvmd_tls.o)
                              c:/program files (x86)/gnu arm embedded toolchain/9 2020-q2-update/bin/../lib/gcc/arm-none-eabi/9.3.1/thumb/v7e-m+fp/hard\libgcc.a(_aeabi_uldivmod.o) (__aeabi_ldiv0)

Allocating common symbols
Common symbol       size              file

[...]
Memory Configuration

Name             Origin             Length             Attributes
RAM              0x20000000         0x00020000         xrw
FLASH            0x08000000         0x00080000         xr
*default*        0x00000000         0xffffffff

Linker script and memory map

LOAD c:/program files (x86)/gnu arm embedded toolchain/9 2020-q2-update/bin/../lib/gcc/arm-none-eabi/9.3.1/thumb/v7e-m+fp/hard/crti.o
LOAD c:/program files (x86)/gnu arm embedded toolchain/9 2020-q2-update/bin/../lib/gcc/arm-none-eabi/9.3.1/thumb/v7e-m+fp/hard/crtbegin.o
LOAD c:/program files (x86)/gnu arm embedded toolchain/9 2020-q2-update/bin/../lib/gcc/arm-none-eabi/9.3.1/../../../../arm-none-eabi/lib/thumb/v7e-m+fp/hard/crt0.o
LOAD build/stm32f4xx_hal.o
LOAD build/stm32f4xx_hal_cortex.o
LOAD build/stm32f4xx_hal_dma.o
LOAD build/stm32f4xx_hal_dma_ex.o
LOAD build/stm32f4xx_hal_exti.o
LOAD build/stm32f4xx_hal_flash.o
LOAD build/stm32f4xx_hal_flash_ex.o
LOAD build/stm32f4xx_hal_flash_ramfunc.o
LOAD build/stm32f4xx_hal_gpio.o
LOAD build/stm32f4xx_hal_i2c.o
LOAD build/stm32f4xx_hal_i2c_ex.o
LOAD build/stm32f4xx_hal_pwr.o
LOAD build/stm32f4xx_hal_pwr_ex.o
LOAD build/stm32f4xx_hal_rcc.o
LOAD build/stm32f4xx_hal_rcc_ex.o
LOAD build/stm32f4xx_hal_tim.o
LOAD build/stm32f4xx_hal_tim_ex.o
LOAD build/stm32f4xx_hal_uart.o
LOAD build/main.o
LOAD build/stm32f4xx_hal_msp.o
LOAD build/stm32f4xx_it.o
LOAD build/system_stm32f4xx.o
LOAD build/vl6180x_api.o
LOAD build/vl6180x_i2c.o
LOAD build/startup_stm32f446xx.o
LOAD c:/program files (x86)/gnu arm embedded toolchain/9 2020-q2-update/bin/../lib/gcc/arm-none-eabi/9.3.1/../../../../arm-none-eabi/lib/thumb/v7e-m+fp/hard\libc.a
LOAD c:/program files (x86)/gnu arm embedded toolchain/9 2020-q2-update/bin/../lib/gcc/arm-none-eabi/9.3.1/../../../../arm-none-eabi/lib/thumb/v7e-m+fp/hard\libm.a
LOAD c:/program files (x86)/gnu arm embedded toolchain/9 2020-q2-update/bin/../lib/gcc/arm-none-eabi/9.3.1/../../../../arm-none-eabi/lib/thumb/v7e-m+fp/hard\libnosys.a
START GROUP
LOAD c:/program files (x86)/gnu arm embedded toolchain/9 2020-q2-update/bin/../lib/gcc/arm-none-eabi/9.3.1/thumb/v7e-m+fp/hard\libgcc.a
LOAD c:/program files (x86)/gnu arm embedded toolchain/9 2020-q2-update/bin/../lib/gcc/arm-none-eabi/9.3.1/../../../../arm-none-eabi/lib/thumb/v7e-m+fp/hard\libc.a
END GROUP
START GROUP
LOAD c:/program files (x86)/gnu arm embedded toolchain/9 2020-q2-update/bin/../lib/gcc/arm-none-eabi/9.3.1/thumb/v7e-m+fp/hard\libgcc.a
LOAD c:/program files (x86)/gnu arm embedded toolchain/9 2020-q2-update/bin/../lib/gcc/arm-none-eabi/9.3.1/../../../../arm-none-eabi/lib/thumb/v7e-m+fp/hard\libc.a
LOAD c:/program files (x86)/gnu arm embedded toolchain/9 2020-q2-update/bin/../lib/gcc/arm-none-eabi/9.3.1/../../../../arm-none-eabi/lib/thumb/v7e-m+fp/hard\libnosys.a
END GROUP
LOAD c:/program files (x86)/gnu arm embedded toolchain/9 2020-q2-update/bin/../lib/gcc/arm-none-eabi/9.3.1/thumb/v7e-m+fp/hard/crtend.o
LOAD c:/program files (x86)/gnu arm embedded toolchain/9 2020-q2-update/bin/../lib/gcc/arm-none-eabi/9.3.1/thumb/v7e-m+fp/hard/crtn.o
                0x20020000                _estack = 0x20020000
                0x00000200                _Min_Heap_Size = 0x200
                0x00000400                _Min_Stack_Size = 0x400

.isr_vector     0x08000000      0x1c4
                0x08000000                . = ALIGN (0x4)
 *(.isr_vector)
 .isr_vector    0x08000000      0x1c4 build/startup_stm32f446xx.o
                0x08000000                g_pfnVectors
                0x080001c4                . = ALIGN (0x4)

.text           0x080001c4     0x33bc
                0x080001c4                . = ALIGN (0x4)
 *(.text)
 .text          0x080001c4       0x40 c:/program files (x86)/gnu arm embedded toolchain/9 2020-q2-update/bin/../lib/gcc/arm-none-eabi/9.3.1/thumb/v7e-m+fp/hard/crtbegin.o
 .text          0x08000204       0x30 c:/program files (x86)/gnu arm embedded toolchain/9 2020-q2-update/bin/../lib/gcc/arm-none-eabi/9.3.1/thumb/v7e-m+fp/hard\libgcc.a(_aeabi_uldivmod.o)
                0x08000204                __aeabi_uldivmod
 .text          0x08000234      0x2c4 c:/program files (x86)/gnu arm embedded toolchain/9 2020-q2-update/bin/../lib/gcc/arm-none-eabi/9.3.1/thumb/v7e-m+fp/hard\libgcc.a(_udivmoddi4.o)
                0x08000234                __udivmoddi4
 .text          0x080004f8        0x4 c:/program files (x86)/gnu arm embedded toolchain/9 2020-q2-update/bin/../lib/gcc/arm-none-eabi/9.3.1/thumb/v7e-m+fp/hard\libgcc.a(_dvmd_tls.o)
                0x080004f8                __aeabi_idiv0
                0x080004f8                __aeabi_ldiv0
 *(.text*)
 .text.HAL_InitTick
                0x080004fc       0x4c build/stm32f4xx_hal.o
                0x080004fc                HAL_InitTick
 .text.HAL_Init
                0x08000548       0x34 build/stm32f4xx_hal.o
                0x08000548                HAL_Init
 .text.HAL_IncTick
                0x0800057c       0x18 build/stm32f4xx_hal.o
                0x0800057c                HAL_IncTick
 .text.HAL_GetTick
                0x08000594        0xc build/stm32f4xx_hal.o
                0x08000594                HAL_GetTick
 .text.HAL_Delay
                0x080005a0       0x28 build/stm32f4xx_hal.o
                0x080005a0                HAL_Delay
 .text.HAL_NVIC_SetPriorityGrouping
                0x080005c8       0x24 build/stm32f4xx_hal_cortex.o
                0x080005c8                HAL_NVIC_SetPriorityGrouping
 .text.HAL_NVIC_SetPriority
                0x080005ec       0x68 build/stm32f4xx_hal_cortex.o
                0x080005ec                HAL_NVIC_SetPriority
 .text.HAL_SYSTICK_Config
                0x08000654       0x2c build/stm32f4xx_hal_cortex.o
                0x08000654                HAL_SYSTICK_Config
 .text.HAL_GPIO_Init
                0x08000680      0x1c0 build/stm32f4xx_hal_gpio.o
                0x08000680                HAL_GPIO_Init
 .text.HAL_GPIO_WritePin
                0x08000840        0xc build/stm32f4xx_hal_gpio.o
                0x08000840                HAL_GPIO_WritePin
 .text.HAL_GPIO_TogglePin
                0x0800084c       0x12 build/stm32f4xx_hal_gpio.o
                0x0800084c                HAL_GPIO_TogglePin
 .text.I2C_IsAcknowledgeFailed
                0x0800085e       0x32 build/stm32f4xx_hal_i2c.o
 .text.I2C_WaitOnFlagUntilTimeout
                0x08000890       0x74 build/stm32f4xx_hal_i2c.o
 .text.I2C_WaitOnMasterAddressFlagUntilTimeout
                0x08000904       0xaa build/stm32f4xx_hal_i2c.o
 *fill*         0x080009ae        0x2 
 .text.I2C_MasterRequestWrite
                0x080009b0       0xb4 build/stm32f4xx_hal_i2c.o
 .text.I2C_MasterRequestRead
                0x08000a64      0x120 build/stm32f4xx_hal_i2c.o
 .text.I2C_WaitOnTXEFlagUntilTimeout
                0x08000b84       0x54 build/stm32f4xx_hal_i2c.o
 .text.I2C_WaitOnBTFFlagUntilTimeout
                0x08000bd8       0x54 build/stm32f4xx_hal_i2c.o
 .text.I2C_WaitOnRXNEFlagUntilTimeout
                0x08000c2c       0x6a build/stm32f4xx_hal_i2c.o
 *fill*         0x08000c96        0x2 
 .text.HAL_I2C_Init
                0x08000c98      0x1bc build/stm32f4xx_hal_i2c.o
                0x08000c98                HAL_I2C_Init
 .text.HAL_I2C_Master_Transmit
                0x08000e54      0x178 build/stm32f4xx_hal_i2c.o
                0x08000e54                HAL_I2C_Master_Transmit
 .text.HAL_I2C_Master_Receive
                0x08000fcc      0x2e8 build/stm32f4xx_hal_i2c.o
                0x08000fcc                HAL_I2C_Master_Receive
 .text.HAL_RCC_ClockConfig
                0x080012b4      0x160 build/stm32f4xx_hal_rcc.o
                0x080012b4                HAL_RCC_ClockConfig
 .text.HAL_RCC_GetHCLKFreq
                0x08001414        0xc build/stm32f4xx_hal_rcc.o
                0x08001414                HAL_RCC_GetHCLKFreq
 .text.HAL_RCC_GetPCLK1Freq
                0x08001420       0x20 build/stm32f4xx_hal_rcc.o
                0x08001420                HAL_RCC_GetPCLK1Freq
 .text.HAL_RCC_GetPCLK2Freq
                0x08001440       0x20 build/stm32f4xx_hal_rcc.o
                0x08001440                HAL_RCC_GetPCLK2Freq
 .text.HAL_RCC_GetSysClockFreq
                0x08001460      0x178 build/stm32f4xx_hal_rcc_ex.o
                0x08001460                HAL_RCC_GetSysClockFreq
 .text.HAL_RCC_OscConfig
                0x080015d8      0x3c8 build/stm32f4xx_hal_rcc_ex.o
                0x080015d8                HAL_RCC_OscConfig
 .text.UART_SetConfig
                0x080019a0      0x1e8 build/stm32f4xx_hal_uart.o
 .text.HAL_UART_Init
                0x08001b88       0x5e build/stm32f4xx_hal_uart.o
                0x08001b88                HAL_UART_Init
 *fill*         0x08001be6        0x2 
 .text.MX_GPIO_Init
                0x08001be8       0xb0 build/main.o
 .text.MX_I2C1_Init
                0x08001c98       0x34 build/main.o
 .text.MX_USART2_UART_Init
                0x08001ccc       0x2c build/main.o
 .text.VL6180x_I2CWrite
                0x08001cf8       0x38 build/main.o
                0x08001cf8                VL6180x_I2CWrite
 .text.VL6180x_I2CRead
                0x08001d30       0x38 build/main.o
                0x08001d30                VL6180x_I2CRead
 .text.WaitMilliSec
                0x08001d68        0x8 build/main.o
                0x08001d68                WaitMilliSec
 .text.SystemClock_Config
                0x08001d70       0x94 build/main.o
                0x08001d70                SystemClock_Config
 .text.main     0x08001e04      0x1d4 build/main.o
                0x08001e04                main
 .text.HAL_MspInit
                0x08001fd8       0x40 build/stm32f4xx_hal_msp.o
                0x08001fd8                HAL_MspInit
 .text.HAL_I2C_MspInit
                0x08002018       0x74 build/stm32f4xx_hal_msp.o
                0x08002018                HAL_I2C_MspInit
 .text.HAL_UART_MspInit
                0x0800208c       0x70 build/stm32f4xx_hal_msp.o
                0x0800208c                HAL_UART_MspInit
 .text.NMI_Handler
                0x080020fc        0x2 build/stm32f4xx_it.o
                0x080020fc                NMI_Handler
 .text.HardFault_Handler
                0x080020fe        0x2 build/stm32f4xx_it.o
                0x080020fe                HardFault_Handler
 .text.MemManage_Handler
                0x08002100        0x2 build/stm32f4xx_it.o
                0x08002100                MemManage_Handler
 .text.BusFault_Handler
                0x08002102        0x2 build/stm32f4xx_it.o
                0x08002102                BusFault_Handler
 .text.UsageFault_Handler
                0x08002104        0x2 build/stm32f4xx_it.o
                0x08002104                UsageFault_Handler
 .text.SVC_Handler
                0x08002106        0x2 build/stm32f4xx_it.o
                0x08002106                SVC_Handler
 .text.DebugMon_Handler
                0x08002108        0x2 build/stm32f4xx_it.o
                0x08002108                DebugMon_Handler
 .text.PendSV_Handler
                0x0800210a        0x2 build/stm32f4xx_it.o
                0x0800210a                PendSV_Handler
 .text.SysTick_Handler
                0x0800210c        0x8 build/stm32f4xx_it.o
                0x0800210c                SysTick_Handler
 .text.SystemInit
                0x08002114       0x1c build/system_stm32f4xx.o
                0x08002114                SystemInit
 .text._filter_Init
                0x08002130       0x3e build/vl6180x_api.o
 .text._filter_StdDevDamper
                0x0800216e       0x3c build/vl6180x_api.o
 .text._GetAveTotalTime
                0x080021aa       0x4e build/vl6180x_api.o
 .text.VL6180x_RangeSetEarlyConvergenceEestimateThreshold
                0x080021f8       0x6c build/vl6180x_api.o
 .text._filter_Start
                0x08002264      0x574 build/vl6180x_api.o
 .text._UpscaleInitPatch0
                0x080027d8        0xc build/vl6180x_api.o
 .text.VL6180x_SetI2CAddress
                0x080027e4        0xe build/vl6180x_api.o
                0x080027e4                VL6180x_SetI2CAddress
 .text.VL6180x_AlsConfigInterrupt
                0x080027f2       0x1c build/vl6180x_api.o
                0x080027f2                VL6180x_AlsConfigInterrupt
 .text.VL6180x_AlsSetThresholds
                0x0800280e       0x1e build/vl6180x_api.o
                0x0800280e                VL6180x_AlsSetThresholds
 .text.VL6180x_AlsSetAnalogueGain
                0x0800282c       0x20 build/vl6180x_api.o
                0x0800282c                VL6180x_AlsSetAnalogueGain
 .text.VL6180x_AlsSetInterMeasurementPeriod
                0x0800284c       0x24 build/vl6180x_api.o
                0x0800284c                VL6180x_AlsSetInterMeasurementPeriod
 .text.VL6180x_AlsSetIntegrationPeriod
                0x08002870       0x30 build/vl6180x_api.o
                0x08002870                VL6180x_AlsSetIntegrationPeriod
 .text.VL6180x_GetCachedDWord
                0x080028a0       0x3c build/vl6180x_api.o
                0x080028a0                VL6180x_GetCachedDWord
 .text._GetRateResult
                0x080028dc       0x8a build/vl6180x_api.o
 .text.VL6180x_GetCachedWord
                0x08002966       0x30 build/vl6180x_api.o
                0x08002966                VL6180x_GetCachedWord
 .text.VL6180x_GetCachedByte
                0x08002996       0x24 build/vl6180x_api.o
                0x08002996                VL6180x_GetCachedByte
 .text._filter_GetResult
                0x080029ba       0x4e build/vl6180x_api.o
 .text._CachedRegs_Fetch
                0x08002a08       0x20 build/vl6180x_api.o
                0x08002a08                _CachedRegs_Fetch
 .text._CachedRegs_Flush
                0x08002a28        0x8 build/vl6180x_api.o
                0x08002a28                _CachedRegs_Flush
 .text.VL6180x_RangeGetResult
                0x08002a30       0x24 build/vl6180x_api.o
                0x08002a30                VL6180x_RangeGetResult
 .text.VL6180x_RangeSetRawThresholds
                0x08002a54       0x1c build/vl6180x_api.o
                0x08002a54                VL6180x_RangeSetRawThresholds
 .text.VL6180x_RangeGetInterruptStatus
                0x08002a70       0x1e build/vl6180x_api.o
                0x08002a70                VL6180x_RangeGetInterruptStatus
 .text.VL6180x_ClearInterrupt
                0x08002a8e       0x16 build/vl6180x_api.o
                0x08002a8e                VL6180x_ClearInterrupt
 .text.VL6180x_RangeConfigInterrupt
                0x08002aa4       0x18 build/vl6180x_api.o
                0x08002aa4                VL6180x_RangeConfigInterrupt
 .text.VL6180x_RangeSetEceState
                0x08002abc       0x14 build/vl6180x_api.o
                0x08002abc                VL6180x_RangeSetEceState
 .text.VL6180x_UpscaleSetScaling
                0x08002ad0       0x88 build/vl6180x_api.o
                0x08002ad0                VL6180x_UpscaleSetScaling
 .text.VL6180x_RangeSetSystemMode
                0x08002b58       0x16 build/vl6180x_api.o
                0x08002b58                VL6180x_RangeSetSystemMode
 .text.VL6180x_RangeStartSingleShot
                0x08002b6e        0xa build/vl6180x_api.o
                0x08002b6e                VL6180x_RangeStartSingleShot
 .text.VL6180x_SqrtUint32
                0x08002b78       0x28 build/vl6180x_api.o
                0x08002b78                VL6180x_SqrtUint32
 .text._DMax_RawValueAtRateKCps
                0x08002ba0       0x50 build/vl6180x_api.o
 .text._DMax_InitData
                0x08002bf0      0x108 build/vl6180x_api.o
 .text.VL6180x_RangeSetMaxConvergenceTime
                0x08002cf8       0x22 build/vl6180x_api.o
                0x08002cf8                VL6180x_RangeSetMaxConvergenceTime
 .text.VL6180x_UpscaleRegInit
                0x08002d1a      0x19c build/vl6180x_api.o
                0x08002d1a                VL6180x_UpscaleRegInit
 .text.VL6180x_UpscaleStaticInit
                0x08002eb6       0x26 build/vl6180x_api.o
 .text.VL6180x_StaticInit
                0x08002edc       0x54 build/vl6180x_api.o
                0x08002edc                VL6180x_StaticInit
 .text.VL6180x_Prepare
                0x08002f30       0x76 build/vl6180x_api.o
                0x08002f30                VL6180x_Prepare
 .text.VL6180x_DMaxSetState
                0x08002fa6       0x16 build/vl6180x_api.o
                0x08002fa6                VL6180x_DMaxSetState
 .text._DMax_Compute
                0x08002fbc       0x44 build/vl6180x_api.o
 .text.VL6180x_RangeGetMeasurement
                0x08003000       0x98 build/vl6180x_api.o
                0x08003000                VL6180x_RangeGetMeasurement
 .text.VL6180x_RangeGetMeasurementIfReady
                0x08003098       0x40 build/vl6180x_api.o
                0x08003098                VL6180x_RangeGetMeasurementIfReady
 .text._DMax_OneTimeInit
                0x080030d8        0x8 build/vl6180x_api.o
                0x080030d8                _DMax_OneTimeInit
 .text.VL6180x_InitData
                0x080030e0       0xb8 build/vl6180x_api.o
                0x080030e0                VL6180x_InitData
 .text.VL6180x_WrByte
                0x08003198       0x20 build/vl6180x_i2c.o
                0x08003198                VL6180x_WrByte
 .text.VL6180x_WrWord
                0x080031b8       0x26 build/vl6180x_i2c.o
                0x080031b8                VL6180x_WrWord
 .text.VL6180x_WrDWord
                0x080031de       0x32 build/vl6180x_i2c.o
                0x080031de                VL6180x_WrDWord
 .text.VL6180x_UpdateByte
                0x08003210       0x4a build/vl6180x_i2c.o
                0x08003210                VL6180x_UpdateByte
 .text.VL6180x_RdByte
                0x0800325a       0x36 build/vl6180x_i2c.o
                0x0800325a                VL6180x_RdByte
 .text.VL6180x_RdWord
                0x08003290       0x3e build/vl6180x_i2c.o
                0x08003290                VL6180x_RdWord
 .text.VL6180x_RdDWord
                0x080032ce       0x4e build/vl6180x_i2c.o
                0x080032ce                VL6180x_RdDWord
 .text.VL6180x_RdMulti
                0x0800331c       0x2e build/vl6180x_i2c.o
                0x0800331c                VL6180x_RdMulti
 *fill*         0x0800334a        0x2 
 .text.Reset_Handler
                0x0800334c       0x50 build/startup_stm32f446xx.o
                0x0800334c                Reset_Handler
 .text.Default_Handler
                0x0800339c        0x2 build/startup_stm32f446xx.o
                0x0800339c                RTC_Alarm_IRQHandler
                0x0800339c                EXTI2_IRQHandler
                0x0800339c                TIM8_CC_IRQHandler
                0x0800339c                FMPI2C1_EV_IRQHandler
                0x0800339c                SPI4_IRQHandler
                0x0800339c                TIM1_CC_IRQHandler
                0x0800339c                DMA2_Stream5_IRQHandler
                0x0800339c                DMA1_Stream5_IRQHandler
                0x0800339c                PVD_IRQHandler
                0x0800339c                SDIO_IRQHandler
                0x0800339c                TAMP_STAMP_IRQHandler
                0x0800339c                CAN2_RX1_IRQHandler
                0x0800339c                EXTI3_IRQHandler
                0x0800339c                TIM8_TRG_COM_TIM14_IRQHandler
                0x0800339c                TIM1_UP_TIM10_IRQHandler
                0x0800339c                TIM8_UP_TIM13_IRQHandler
                0x0800339c                I2C3_ER_IRQHandler
                0x0800339c                EXTI0_IRQHandler
                0x0800339c                I2C2_EV_IRQHandler
                0x0800339c                DMA1_Stream2_IRQHandler
                0x0800339c                CAN1_RX0_IRQHandler
                0x0800339c                FPU_IRQHandler
                0x0800339c                OTG_HS_WKUP_IRQHandler
                0x0800339c                CAN2_SCE_IRQHandler
                0x0800339c                DMA2_Stream2_IRQHandler
                0x0800339c                SPI1_IRQHandler
                0x0800339c                TIM6_DAC_IRQHandler
                0x0800339c                TIM1_BRK_TIM9_IRQHandler
                0x0800339c                DCMI_IRQHandler
                0x0800339c                CAN2_RX0_IRQHandler
                0x0800339c                DMA2_Stream3_IRQHandler
                0x0800339c                SAI2_IRQHandler
                0x0800339c                USART6_IRQHandler
                0x0800339c                USART3_IRQHandler
                0x0800339c                CAN1_RX1_IRQHandler
                0x0800339c                UART5_IRQHandler
                0x0800339c                DMA2_Stream0_IRQHandler
                0x0800339c                TIM4_IRQHandler
                0x0800339c                QUADSPI_IRQHandler
                0x0800339c                I2C1_EV_IRQHandler
                0x0800339c                DMA1_Stream6_IRQHandler
                0x0800339c                DMA1_Stream1_IRQHandler
                0x0800339c                UART4_IRQHandler
                0x0800339c                TIM3_IRQHandler
                0x0800339c                RCC_IRQHandler
                0x0800339c                TIM8_BRK_TIM12_IRQHandler
                0x0800339c                Default_Handler
                0x0800339c                CEC_IRQHandler
                0x0800339c                EXTI15_10_IRQHandler
                0x0800339c                ADC_IRQHandler
                0x0800339c                DMA1_Stream7_IRQHandler
                0x0800339c                TIM7_IRQHandler
                0x0800339c                CAN2_TX_IRQHandler
                0x0800339c                TIM5_IRQHandler
                0x0800339c                DMA2_Stream7_IRQHandler
                0x0800339c                I2C3_EV_IRQHandler
                0x0800339c                EXTI9_5_IRQHandler
                0x0800339c                RTC_WKUP_IRQHandler
                0x0800339c                SPDIF_RX_IRQHandler
                0x0800339c                SPI2_IRQHandler
                0x0800339c                OTG_HS_EP1_IN_IRQHandler
                0x0800339c                DMA1_Stream0_IRQHandler
                0x0800339c                CAN1_TX_IRQHandler
                0x0800339c                FMPI2C1_ER_IRQHandler
                0x0800339c                EXTI4_IRQHandler
                0x0800339c                OTG_HS_EP1_OUT_IRQHandler
                0x0800339c                WWDG_IRQHandler
                0x0800339c                TIM2_IRQHandler
                0x0800339c                OTG_FS_WKUP_IRQHandler
                0x0800339c                TIM1_TRG_COM_TIM11_IRQHandler
                0x0800339c                OTG_HS_IRQHandler
                0x0800339c                EXTI1_IRQHandler
                0x0800339c                USART2_IRQHandler
                0x0800339c                I2C2_ER_IRQHandler
                0x0800339c                DMA2_Stream1_IRQHandler
                0x0800339c                CAN1_SCE_IRQHandler
                0x0800339c                FLASH_IRQHandler
                0x0800339c                DMA2_Stream4_IRQHandler
                0x0800339c                USART1_IRQHandler
                0x0800339c                OTG_FS_IRQHandler
                0x0800339c                SPI3_IRQHandler
                0x0800339c                DMA1_Stream4_IRQHandler
                0x0800339c                I2C1_ER_IRQHandler
                0x0800339c                FMC_IRQHandler
                0x0800339c                DMA2_Stream6_IRQHandler
                0x0800339c                SAI1_IRQHandler
                0x0800339c                DMA1_Stream3_IRQHandler
 *fill*         0x0800339e        0x2 
 .text.__libc_init_array
                0x080033a0       0x48 c:/program files (x86)/gnu arm embedded toolchain/9 2020-q2-update/bin/../lib/gcc/arm-none-eabi/9.3.1/../../../../arm-none-eabi/lib/thumb/v7e-m+fp/hard\libc.a(lib_a-init.o)
                0x080033a0                __libc_init_array
 .text.memset   0x080033e8       0xa0 c:/program files (x86)/gnu arm embedded toolchain/9 2020-q2-update/bin/../lib/gcc/arm-none-eabi/9.3.1/../../../../arm-none-eabi/lib/thumb/v7e-m+fp/hard\libc.a(lib_a-memset.o)
                0x080033e8                memset
 .text.startup.register_fini
                0x08003488       0x14 c:/program files (x86)/gnu arm embedded toolchain/9 2020-q2-update/bin/../lib/gcc/arm-none-eabi/9.3.1/../../../../arm-none-eabi/lib/thumb/v7e-m+fp/hard\libc.a(lib_a-__call_atexit.o)
 .text.atexit   0x0800349c        0xc c:/program files (x86)/gnu arm embedded toolchain/9 2020-q2-update/bin/../lib/gcc/arm-none-eabi/9.3.1/../../../../arm-none-eabi/lib/thumb/v7e-m+fp/hard\libc.a(lib_a-atexit.o)
                0x0800349c                atexit
 .text.__libc_fini_array
                0x080034a8       0x2c c:/program files (x86)/gnu arm embedded toolchain/9 2020-q2-update/bin/../lib/gcc/arm-none-eabi/9.3.1/../../../../arm-none-eabi/lib/thumb/v7e-m+fp/hard\libc.a(lib_a-fini.o)
                0x080034a8                __libc_fini_array
 .text.__retarget_lock_acquire_recursive
                0x080034d4        0x4 c:/program files (x86)/gnu arm embedded toolchain/9 2020-q2-update/bin/../lib/gcc/arm-none-eabi/9.3.1/../../../../arm-none-eabi/lib/thumb/v7e-m+fp/hard\libc.a(lib_a-lock.o)
                0x080034d4                __retarget_lock_acquire_recursive
 .text.__retarget_lock_release_recursive
                0x080034d8        0x4 c:/program files (x86)/gnu arm embedded toolchain/9 2020-q2-update/bin/../lib/gcc/arm-none-eabi/9.3.1/../../../../arm-none-eabi/lib/thumb/v7e-m+fp/hard\libc.a(lib_a-lock.o)
                0x080034d8                __retarget_lock_release_recursive
 .text.__register_exitproc
                0x080034dc       0x8c c:/program files (x86)/gnu arm embedded toolchain/9 2020-q2-update/bin/../lib/gcc/arm-none-eabi/9.3.1/../../../../arm-none-eabi/lib/thumb/v7e-m+fp/hard\libc.a(lib_a-__atexit.o)
                0x080034dc                __register_exitproc
 *(.glue_7)
 .glue_7        0x08003568        0x0 linker stubs
 *(.glue_7t)
 .glue_7t       0x08003568        0x0 linker stubs
 *(.eh_frame)
 .eh_frame      0x08003568        0x0 c:/program files (x86)/gnu arm embedded toolchain/9 2020-q2-update/bin/../lib/gcc/arm-none-eabi/9.3.1/thumb/v7e-m+fp/hard/crtbegin.o
 *(.init)
 .init          0x08003568        0x4 c:/program files (x86)/gnu arm embedded toolchain/9 2020-q2-update/bin/../lib/gcc/arm-none-eabi/9.3.1/thumb/v7e-m+fp/hard/crti.o
                0x08003568                _init
 .init          0x0800356c        0x8 c:/program files (x86)/gnu arm embedded toolchain/9 2020-q2-update/bin/../lib/gcc/arm-none-eabi/9.3.1/thumb/v7e-m+fp/hard/crtn.o
 *(.fini)
 .fini          0x08003574        0x4 c:/program files (x86)/gnu arm embedded toolchain/9 2020-q2-update/bin/../lib/gcc/arm-none-eabi/9.3.1/thumb/v7e-m+fp/hard/crti.o
                0x08003574                _fini
 .fini          0x08003578        0x8 c:/program files (x86)/gnu arm embedded toolchain/9 2020-q2-update/bin/../lib/gcc/arm-none-eabi/9.3.1/thumb/v7e-m+fp/hard/crtn.o
                0x08003580                . = ALIGN (0x4)
                0x08003580                _etext = .

.vfp11_veneer   0x08003580        0x0
 .vfp11_veneer  0x08003580        0x0 linker stubs

.v4_bx          0x08003580        0x0
 .v4_bx         0x08003580        0x0 linker stubs

.iplt           0x08003580        0x0
 .iplt          0x08003580        0x0 c:/program files (x86)/gnu arm embedded toolchain/9 2020-q2-update/bin/../lib/gcc/arm-none-eabi/9.3.1/thumb/v7e-m+fp/hard/crtbegin.o

.rodata         0x08003580       0x2c
                0x08003580                . = ALIGN (0x4)
 *(.rodata)
 *(.rodata*)
 .rodata.AHBPrescTable
                0x08003580       0x10 build/system_stm32f4xx.o
                0x08003580                AHBPrescTable
 .rodata.APBPrescTable
                0x08003590        0x8 build/system_stm32f4xx.o
                0x08003590                APBPrescTable
 .rodata.ScalerLookUP
                0x08003598        0x6 build/vl6180x_api.o
 *fill*         0x0800359e        0x2 
 .rodata.UpperLimitLookUP
                0x080035a0        0x6 build/vl6180x_api.o
 *fill*         0x080035a6        0x2 
 .rodata._global_impure_ptr
                0x080035a8        0x4 c:/program files (x86)/gnu arm embedded toolchain/9 2020-q2-update/bin/../lib/gcc/arm-none-eabi/9.3.1/../../../../arm-none-eabi/lib/thumb/v7e-m+fp/hard\libc.a(lib_a-impure.o)
                0x080035a8                _global_impure_ptr
                0x080035ac                . = ALIGN (0x4)

.ARM.extab
 *(.ARM.extab* .gnu.linkonce.armextab.*)

.ARM            0x080035ac        0x8
                0x080035ac                __exidx_start = .
 *(.ARM.exidx*)
 .ARM.exidx     0x080035ac        0x8 c:/program files (x86)/gnu arm embedded toolchain/9 2020-q2-update/bin/../lib/gcc/arm-none-eabi/9.3.1/thumb/v7e-m+fp/hard\libgcc.a(_udivmoddi4.o)
                0x080035b4                __exidx_end = .

.rel.dyn        0x080035b4        0x0
 .rel.iplt      0x080035b4        0x0 c:/program files (x86)/gnu arm embedded toolchain/9 2020-q2-update/bin/../lib/gcc/arm-none-eabi/9.3.1/thumb/v7e-m+fp/hard/crtbegin.o

.preinit_array  0x080035b4        0x0
                0x080035b4                PROVIDE (__preinit_array_start = .)
 *(.preinit_array*)
                0x080035b4                PROVIDE (__preinit_array_end = .)

.init_array     0x080035b4        0x8
                0x080035b4                PROVIDE (__init_array_start = .)
 *(SORT_BY_NAME(.init_array.*))
 .init_array.00000
                0x080035b4        0x4 c:/program files (x86)/gnu arm embedded toolchain/9 2020-q2-update/bin/../lib/gcc/arm-none-eabi/9.3.1/../../../../arm-none-eabi/lib/thumb/v7e-m+fp/hard\libc.a(lib_a-__call_atexit.o)
 *(.init_array*)
 .init_array    0x080035b8        0x4 c:/program files (x86)/gnu arm embedded toolchain/9 2020-q2-update/bin/../lib/gcc/arm-none-eabi/9.3.1/thumb/v7e-m+fp/hard/crtbegin.o
                0x080035bc                PROVIDE (__init_array_end = .)

.fini_array     0x080035bc        0x4
                0x080035bc                PROVIDE (__fini_array_start = .)
 *(SORT_BY_NAME(.fini_array.*))
 *(.fini_array*)
 .fini_array    0x080035bc        0x4 c:/program files (x86)/gnu arm embedded toolchain/9 2020-q2-update/bin/../lib/gcc/arm-none-eabi/9.3.1/thumb/v7e-m+fp/hard/crtbegin.o
                0x080035c0                PROVIDE (__fini_array_end = .)
                0x080035c0                _sidata = LOADADDR (.data)

.data           0x20000000      0x5e4 load address 0x080035c0
                0x20000000                . = ALIGN (0x4)
                0x20000000                _sdata = .
 *(.data)
 *(.data*)
 .data.uwTickFreq
                0x20000000        0x1 build/stm32f4xx_hal.o
                0x20000000                uwTickFreq
 *fill*         0x20000001        0x3 
 .data.uwTickPrio
                0x20000004        0x4 build/stm32f4xx_hal.o
                0x20000004                uwTickPrio
 .data.BoardDevs
                0x20000008      0x1a8 build/main.o
                0x20000008                BoardDevs
 .data.SystemCoreClock
                0x200001b0        0x4 build/system_stm32f4xx.o
                0x200001b0                SystemCoreClock
 *fill*         0x200001b4        0x4 
 .data.impure_data
                0x200001b8      0x428 c:/program files (x86)/gnu arm embedded toolchain/9 2020-q2-update/bin/../lib/gcc/arm-none-eabi/9.3.1/../../../../arm-none-eabi/lib/thumb/v7e-m+fp/hard\libc.a(lib_a-impure.o)
 .data.__atexit_recursive_mutex
                0x200005e0        0x4 c:/program files (x86)/gnu arm embedded toolchain/9 2020-q2-update/bin/../lib/gcc/arm-none-eabi/9.3.1/../../../../arm-none-eabi/lib/thumb/v7e-m+fp/hard\libc.a(lib_a-__call_atexit.o)
                0x200005e0                __atexit_recursive_mutex
                0x200005e4                . = ALIGN (0x4)
                0x200005e4                _edata = .

.igot.plt       0x200005e4        0x0 load address 0x08003ba4
 .igot.plt      0x200005e4        0x0 c:/program files (x86)/gnu arm embedded toolchain/9 2020-q2-update/bin/../lib/gcc/arm-none-eabi/9.3.1/thumb/v7e-m+fp/hard/crtbegin.o
                0x200005e4                . = ALIGN (0x4)

.bss            0x200005e4      0x178 load address 0x08003ba4
                0x200005e4                _sbss = .
                0x200005e4                __bss_start__ = _sbss
 *(.bss)
 .bss           0x200005e4       0x1c c:/program files (x86)/gnu arm embedded toolchain/9 2020-q2-update/bin/../lib/gcc/arm-none-eabi/9.3.1/thumb/v7e-m+fp/hard/crtbegin.o
 *(.bss*)
 *(COMMON)
 COMMON         0x20000600        0x4 build/stm32f4xx_hal.o
                0x20000600                uwTick
 COMMON         0x20000604      0x134 build/main.o
                0x20000604                RangeDB2
                0x2000062c                hi2c1
                0x20000680                RangeDB1
                0x200006a8                huart2
                0x200006e8                Range
 COMMON         0x20000738       0x21 c:/program files (x86)/gnu arm embedded toolchain/9 2020-q2-update/bin/../lib/gcc/arm-none-eabi/9.3.1/../../../../arm-none-eabi/lib/thumb/v7e-m+fp/hard\libc.a(lib_a-lock.o)
                0x20000738                __lock___atexit_recursive_mutex
                0x2000073c                __lock___arc4random_mutex
                0x20000740                __lock___env_recursive_mutex
                0x20000744                __lock___sinit_recursive_mutex
                0x20000748                __lock___malloc_recursive_mutex
                0x2000074c                __lock___at_quick_exit_mutex
                0x20000750                __lock___dd_hash_mutex
                0x20000754                __lock___tz_mutex
                0x20000758                __lock___sfp_recursive_mutex
                0x2000075c                . = ALIGN (0x4)
 *fill*         0x20000759        0x3 
                0x2000075c                _ebss = .
                0x2000075c                __bss_end__ = _ebss

._user_heap_stack
                0x2000075c      0x604 load address 0x08003ba4
                0x20000760                . = ALIGN (0x8)
 *fill*         0x2000075c        0x4 
                [!provide]                PROVIDE (end = .)
                [!provide]                PROVIDE (_end = .)
                0x20000960                . = (. + _Min_Heap_Size)
 *fill*         0x20000760      0x200 
                0x20000d60                . = (. + _Min_Stack_Size)
 *fill*         0x20000960      0x400 
                0x20000d60                . = ALIGN (0x8)

/DISCARD/
 libc.a(*)
 libm.a(*)
 libgcc.a(*)

.ARM.attributes
                0x00000000       0x30
 *(.ARM.attributes)
 .ARM.attributes
                0x00000000       0x1e c:/program files (x86)/gnu arm embedded toolchain/9 2020-q2-update/bin/../lib/gcc/arm-none-eabi/9.3.1/thumb/v7e-m+fp/hard/crti.o
 .ARM.attributes
                0x0000001e       0x34 c:/program files (x86)/gnu arm embedded toolchain/9 2020-q2-update/bin/../lib/gcc/arm-none-eabi/9.3.1/thumb/v7e-m+fp/hard/crtbegin.o
 .ARM.attributes
                0x00000052       0x34 build/stm32f4xx_hal.o
 .ARM.attributes
                0x00000086       0x34 build/stm32f4xx_hal_cortex.o
 .ARM.attributes
                0x000000ba       0x34 build/stm32f4xx_hal_gpio.o
 .ARM.attributes
                0x000000ee       0x34 build/stm32f4xx_hal_i2c.o
 .ARM.attributes
                0x00000122       0x34 build/stm32f4xx_hal_rcc.o
 .ARM.attributes
                0x00000156       0x34 build/stm32f4xx_hal_rcc_ex.o
 .ARM.attributes
                0x0000018a       0x34 build/stm32f4xx_hal_uart.o
 .ARM.attributes
                0x000001be       0x34 build/main.o
 .ARM.attributes
                0x000001f2       0x34 build/stm32f4xx_hal_msp.o
 .ARM.attributes
                0x00000226       0x34 build/stm32f4xx_it.o
 .ARM.attributes
                0x0000025a       0x34 build/system_stm32f4xx.o
 .ARM.attributes
                0x0000028e       0x34 build/vl6180x_api.o
 .ARM.attributes
                0x000002c2       0x34 build/vl6180x_i2c.o
 .ARM.attributes
                0x000002f6       0x21 build/startup_stm32f446xx.o
 .ARM.attributes
                0x00000317       0x32 c:/program files (x86)/gnu arm embedded toolchain/9 2020-q2-update/bin/../lib/gcc/arm-none-eabi/9.3.1/../../../../arm-none-eabi/lib/thumb/v7e-m+fp/hard\libc.a(lib_a-impure.o)
 .ARM.attributes
                0x00000349       0x34 c:/program files (x86)/gnu arm embedded toolchain/9 2020-q2-update/bin/../lib/gcc/arm-none-eabi/9.3.1/../../../../arm-none-eabi/lib/thumb/v7e-m+fp/hard\libc.a(lib_a-init.o)
 .ARM.attributes
                0x0000037d       0x34 c:/program files (x86)/gnu arm embedded toolchain/9 2020-q2-update/bin/../lib/gcc/arm-none-eabi/9.3.1/../../../../arm-none-eabi/lib/thumb/v7e-m+fp/hard\libc.a(lib_a-memset.o)
 .ARM.attributes
                0x000003b1       0x34 c:/program files (x86)/gnu arm embedded toolchain/9 2020-q2-update/bin/../lib/gcc/arm-none-eabi/9.3.1/../../../../arm-none-eabi/lib/thumb/v7e-m+fp/hard\libc.a(lib_a-__call_atexit.o)
 .ARM.attributes
                0x000003e5       0x34 c:/program files (x86)/gnu arm embedded toolchain/9 2020-q2-update/bin/../lib/gcc/arm-none-eabi/9.3.1/../../../../arm-none-eabi/lib/thumb/v7e-m+fp/hard\libc.a(lib_a-atexit.o)
 .ARM.attributes
                0x00000419       0x34 c:/program files (x86)/gnu arm embedded toolchain/9 2020-q2-update/bin/../lib/gcc/arm-none-eabi/9.3.1/../../../../arm-none-eabi/lib/thumb/v7e-m+fp/hard\libc.a(lib_a-fini.o)
 .ARM.attributes
                0x0000044d       0x34 c:/program files (x86)/gnu arm embedded toolchain/9 2020-q2-update/bin/../lib/gcc/arm-none-eabi/9.3.1/../../../../arm-none-eabi/lib/thumb/v7e-m+fp/hard\libc.a(lib_a-lock.o)
 .ARM.attributes
                0x00000481       0x34 c:/program files (x86)/gnu arm embedded toolchain/9 2020-q2-update/bin/../lib/gcc/arm-none-eabi/9.3.1/../../../../arm-none-eabi/lib/thumb/v7e-m+fp/hard\libc.a(lib_a-__atexit.o)
 .ARM.attributes
                0x000004b5       0x1e c:/program files (x86)/gnu arm embedded toolchain/9 2020-q2-update/bin/../lib/gcc/arm-none-eabi/9.3.1/thumb/v7e-m+fp/hard\libgcc.a(_aeabi_uldivmod.o)
 .ARM.attributes
                0x000004d3       0x34 c:/program files (x86)/gnu arm embedded toolchain/9 2020-q2-update/bin/../lib/gcc/arm-none-eabi/9.3.1/thumb/v7e-m+fp/hard\libgcc.a(_udivmoddi4.o)
 .ARM.attributes
                0x00000507       0x1e c:/program files (x86)/gnu arm embedded toolchain/9 2020-q2-update/bin/../lib/gcc/arm-none-eabi/9.3.1/thumb/v7e-m+fp/hard\libgcc.a(_dvmd_tls.o)
 .ARM.attributes
                0x00000525       0x1e c:/program files (x86)/gnu arm embedded toolchain/9 2020-q2-update/bin/../lib/gcc/arm-none-eabi/9.3.1/thumb/v7e-m+fp/hard/crtn.o
OUTPUT(build/TimeOfFlight_VL6180X_On_Nucleo-F446RE_Project_MultiD.elf elf32-littlearm)
LOAD linker stubs
LOAD c:/program files (x86)/gnu arm embedded toolchain/9 2020-q2-update/bin/../lib/gcc/arm-none-eabi/9.3.1/../../../../arm-none-eabi/lib/thumb/v7e-m+fp/hard\libc.a
LOAD c:/program files (x86)/gnu arm embedded toolchain/9 2020-q2-update/bin/../lib/gcc/arm-none-eabi/9.3.1/../../../../arm-none-eabi/lib/thumb/v7e-m+fp/hard\libm.a
LOAD c:/program files (x86)/gnu arm embedded toolchain/9 2020-q2-update/bin/../lib/gcc/arm-none-eabi/9.3.1/thumb/v7e-m+fp/hard\libgcc.a

.debug_info     0x00000000    0x11e37
 .debug_info    0x00000000      0xbc0 build/stm32f4xx_hal.o
 .debug_info    0x00000bc0     0x125c build/stm32f4xx_hal_cortex.o
 .debug_info    0x00001e1c      0x979 build/stm32f4xx_hal_gpio.o
 .debug_info    0x00002795     0x3bea build/stm32f4xx_hal_i2c.o
 .debug_info    0x0000637f      0xc97 build/stm32f4xx_hal_rcc.o
 .debug_info    0x00007016      0xe47 build/stm32f4xx_hal_rcc_ex.o
 .debug_info    0x00007e5d     0x1b31 build/stm32f4xx_hal_uart.o
 .debug_info    0x0000998e     0x1c20 build/main.o
 .debug_info    0x0000b5ae      0xff8 build/stm32f4xx_hal_msp.o
 .debug_info    0x0000c5a6      0x2fd build/stm32f4xx_it.o
 .debug_info    0x0000c8a3      0x680 build/system_stm32f4xx.o
 .debug_info    0x0000cf23     0x43fc build/vl6180x_api.o
 .debug_info    0x0001131f      0xaf6 build/vl6180x_i2c.o
 .debug_info    0x00011e15       0x22 build/startup_stm32f446xx.o

.debug_abbrev   0x00000000     0x206a
 .debug_abbrev  0x00000000      0x21c build/stm32f4xx_hal.o
 .debug_abbrev  0x0000021c      0x3a8 build/stm32f4xx_hal_cortex.o
 .debug_abbrev  0x000005c4      0x258 build/stm32f4xx_hal_gpio.o
 .debug_abbrev  0x0000081c      0x31f build/stm32f4xx_hal_i2c.o
 .debug_abbrev  0x00000b3b      0x2cd build/stm32f4xx_hal_rcc.o
 .debug_abbrev  0x00000e08      0x26a build/stm32f4xx_hal_rcc_ex.o
 .debug_abbrev  0x00001072      0x318 build/stm32f4xx_hal_uart.o
 .debug_abbrev  0x0000138a      0x31c build/main.o
 .debug_abbrev  0x000016a6      0x1cf build/stm32f4xx_hal_msp.o
 .debug_abbrev  0x00001875      0x100 build/stm32f4xx_it.o
 .debug_abbrev  0x00001975      0x14a build/system_stm32f4xx.o
 .debug_abbrev  0x00001abf      0x443 build/vl6180x_api.o
 .debug_abbrev  0x00001f02      0x156 build/vl6180x_i2c.o
 .debug_abbrev  0x00002058       0x12 build/startup_stm32f446xx.o

.debug_loc      0x00000000     0xee5c
 .debug_loc     0x00000000      0x1e1 build/stm32f4xx_hal.o
 .debug_loc     0x000001e1      0x7d4 build/stm32f4xx_hal_cortex.o
 .debug_loc     0x000009b5      0x5c7 build/stm32f4xx_hal_gpio.o
 .debug_loc     0x00000f7c     0x4b55 build/stm32f4xx_hal_i2c.o
 .debug_loc     0x00005ad1      0x6c7 build/stm32f4xx_hal_rcc.o
 .debug_loc     0x00006198      0xfd2 build/stm32f4xx_hal_rcc_ex.o
 .debug_loc     0x0000716a     0x1d79 build/stm32f4xx_hal_uart.o
 .debug_loc     0x00008ee3      0x47d build/main.o
 .debug_loc     0x00009360      0x208 build/stm32f4xx_hal_msp.o
 .debug_loc     0x00009568       0x20 build/stm32f4xx_it.o
 .debug_loc     0x00009588      0x16c build/system_stm32f4xx.o
 .debug_loc     0x000096f4     0x4f8a build/vl6180x_api.o
 .debug_loc     0x0000e67e      0x7de build/vl6180x_i2c.o

.debug_aranges  0x00000000      0xb80
 .debug_aranges
                0x00000000       0xf0 build/stm32f4xx_hal.o
 .debug_aranges
                0x000000f0       0xa8 build/stm32f4xx_hal_cortex.o
 .debug_aranges
                0x00000198       0x58 build/stm32f4xx_hal_gpio.o
 .debug_aranges
                0x000001f0      0x2a0 build/stm32f4xx_hal_i2c.o
 .debug_aranges
                0x00000490       0x88 build/stm32f4xx_hal_rcc.o
 .debug_aranges
                0x00000518       0x78 build/stm32f4xx_hal_rcc_ex.o
 .debug_aranges
                0x00000590      0x1d0 build/stm32f4xx_hal_uart.o
 .debug_aranges
                0x00000760       0x60 build/main.o
 .debug_aranges
                0x000007c0       0x40 build/stm32f4xx_hal_msp.o
 .debug_aranges
                0x00000800       0x60 build/stm32f4xx_it.o
 .debug_aranges
                0x00000860       0x28 build/system_stm32f4xx.o
 .debug_aranges
                0x00000888      0x278 build/vl6180x_api.o
 .debug_aranges
                0x00000b00       0x58 build/vl6180x_i2c.o
 .debug_aranges
                0x00000b58       0x28 build/startup_stm32f446xx.o

.debug_ranges   0x00000000      0xbe0
 .debug_ranges  0x00000000       0xe0 build/stm32f4xx_hal.o
 .debug_ranges  0x000000e0       0xf8 build/stm32f4xx_hal_cortex.o
 .debug_ranges  0x000001d8       0x48 build/stm32f4xx_hal_gpio.o
 .debug_ranges  0x00000220      0x2a8 build/stm32f4xx_hal_i2c.o
 .debug_ranges  0x000004c8       0x90 build/stm32f4xx_hal_rcc.o
 .debug_ranges  0x00000558       0x80 build/stm32f4xx_hal_rcc_ex.o
 .debug_ranges  0x000005d8      0x1c0 build/stm32f4xx_hal_uart.o
 .debug_ranges  0x00000798       0x80 build/main.o
 .debug_ranges  0x00000818       0x30 build/stm32f4xx_hal_msp.o
 .debug_ranges  0x00000848       0x50 build/stm32f4xx_it.o
 .debug_ranges  0x00000898       0x18 build/system_stm32f4xx.o
 .debug_ranges  0x000008b0      0x2c8 build/vl6180x_api.o
 .debug_ranges  0x00000b78       0x48 build/vl6180x_i2c.o
 .debug_ranges  0x00000bc0       0x20 build/startup_stm32f446xx.o

.debug_line     0x00000000     0xdb10
 .debug_line    0x00000000      0x585 build/stm32f4xx_hal.o
 .debug_line    0x00000585      0x7c2 build/stm32f4xx_hal_cortex.o
 .debug_line    0x00000d47      0x73f build/stm32f4xx_hal_gpio.o
 .debug_line    0x00001486     0x5161 build/stm32f4xx_hal_i2c.o
 .debug_line    0x000065e7      0xb58 build/stm32f4xx_hal_rcc.o
 .debug_line    0x0000713f     0x1363 build/stm32f4xx_hal_rcc_ex.o
 .debug_line    0x000084a2     0x1c89 build/stm32f4xx_hal_uart.o
 .debug_line    0x0000a12b      0x731 build/main.o
 .debug_line    0x0000a85c      0x3cd build/stm32f4xx_hal_msp.o
 .debug_line    0x0000ac29      0x2c4 build/stm32f4xx_it.o
 .debug_line    0x0000aeed      0x2a9 build/system_stm32f4xx.o
 .debug_line    0x0000b196     0x24a5 build/vl6180x_api.o
 .debug_line    0x0000d63b      0x462 build/vl6180x_i2c.o
 .debug_line    0x0000da9d       0x73 build/startup_stm32f446xx.o

.debug_str      0x00000000     0x46bf
 .debug_str     0x00000000      0xb99 build/stm32f4xx_hal.o
                                0xc1c (size before relaxing)
 .debug_str     0x00000b99      0x4a5 build/stm32f4xx_hal_cortex.o
                                0xd36 (size before relaxing)
 .debug_str     0x0000103e      0x1cf build/stm32f4xx_hal_gpio.o
                                0x5e0 (size before relaxing)
 .debug_str     0x0000120d      0xd92 build/stm32f4xx_hal_i2c.o
                               0x1100 (size before relaxing)
 .debug_str     0x00001f9f      0x2d6 build/stm32f4xx_hal_rcc.o
                                0x7c3 (size before relaxing)
 .debug_str     0x00002275      0x344 build/stm32f4xx_hal_rcc_ex.o
                                0x8bb (size before relaxing)
 .debug_str     0x000025b9      0x6d1 build/stm32f4xx_hal_uart.o
                                0xcfc (size before relaxing)
 .debug_str     0x00002c8a      0x618 build/main.o
                               0x137c (size before relaxing)
 .debug_str     0x000032a2       0x18 build/stm32f4xx_hal_msp.o
                                0xb91 (size before relaxing)
 .debug_str     0x000032ba       0xa3 build/stm32f4xx_it.o
                                0x37a (size before relaxing)
 .debug_str     0x0000335d       0x42 build/system_stm32f4xx.o
                                0x444 (size before relaxing)
 .debug_str     0x0000339f     0x12ca build/vl6180x_api.o
                               0x1afb (size before relaxing)
 .debug_str     0x00004669       0x32 build/vl6180x_i2c.o
                                0x5ac (size before relaxing)
 .debug_str     0x0000469b       0x24 build/startup_stm32f446xx.o
                                 0x7a (size before relaxing)

.comment        0x00000000       0x4c
 .comment       0x00000000       0x4c build/stm32f4xx_hal.o
                                 0x4d (size before relaxing)
 .comment       0x0000004c       0x4d build/stm32f4xx_hal_cortex.o
 .comment       0x0000004c       0x4d build/stm32f4xx_hal_gpio.o
 .comment       0x0000004c       0x4d build/stm32f4xx_hal_i2c.o
 .comment       0x0000004c       0x4d build/stm32f4xx_hal_rcc.o
 .comment       0x0000004c       0x4d build/stm32f4xx_hal_rcc_ex.o
 .comment       0x0000004c       0x4d build/stm32f4xx_hal_uart.o
 .comment       0x0000004c       0x4d build/main.o
 .comment       0x0000004c       0x4d build/stm32f4xx_hal_msp.o
 .comment       0x0000004c       0x4d build/stm32f4xx_it.o
 .comment       0x0000004c       0x4d build/system_stm32f4xx.o
 .comment       0x0000004c       0x4d build/vl6180x_api.o
 .comment       0x0000004c       0x4d build/vl6180x_i2c.o

.debug_frame    0x00000000     0x2394
 .debug_frame   0x00000000      0x1ec build/stm32f4xx_hal.o
 .debug_frame   0x000001ec      0x15c build/stm32f4xx_hal_cortex.o
 .debug_frame   0x00000348       0xd8 build/stm32f4xx_hal_gpio.o
 .debug_frame   0x00000420      0x968 build/stm32f4xx_hal_i2c.o
 .debug_frame   0x00000d88      0x174 build/stm32f4xx_hal_rcc.o
 .debug_frame   0x00000efc      0x148 build/stm32f4xx_hal_rcc_ex.o
 .debug_frame   0x00001044      0x4ec build/stm32f4xx_hal_uart.o
 .debug_frame   0x00001530      0x114 build/main.o
 .debug_frame   0x00001644       0xa0 build/stm32f4xx_hal_msp.o
 .debug_frame   0x000016e4       0xa8 build/stm32f4xx_it.o
 .debug_frame   0x0000178c       0x30 build/system_stm32f4xx.o
 .debug_frame   0x000017bc      0x858 build/vl6180x_api.o
 .debug_frame   0x00002014      0x11c build/vl6180x_i2c.o
 .debug_frame   0x00002130       0x2c c:/program files (x86)/gnu arm embedded toolchain/9 2020-q2-update/bin/../lib/gcc/arm-none-eabi/9.3.1/../../../../arm-none-eabi/lib/thumb/v7e-m+fp/hard\libc.a(lib_a-init.o)
 .debug_frame   0x0000215c       0x38 c:/program files (x86)/gnu arm embedded toolchain/9 2020-q2-update/bin/../lib/gcc/arm-none-eabi/9.3.1/../../../../arm-none-eabi/lib/thumb/v7e-m+fp/hard\libc.a(lib_a-memset.o)
 .debug_frame   0x00002194       0x68 c:/program files (x86)/gnu arm embedded toolchain/9 2020-q2-update/bin/../lib/gcc/arm-none-eabi/9.3.1/../../../../arm-none-eabi/lib/thumb/v7e-m+fp/hard\libc.a(lib_a-__call_atexit.o)
 .debug_frame   0x000021fc       0x20 c:/program files (x86)/gnu arm embedded toolchain/9 2020-q2-update/bin/../lib/gcc/arm-none-eabi/9.3.1/../../../../arm-none-eabi/lib/thumb/v7e-m+fp/hard\libc.a(lib_a-atexit.o)
 .debug_frame   0x0000221c       0x34 c:/program files (x86)/gnu arm embedded toolchain/9 2020-q2-update/bin/../lib/gcc/arm-none-eabi/9.3.1/../../../../arm-none-eabi/lib/thumb/v7e-m+fp/hard\libc.a(lib_a-fini.o)
 .debug_frame   0x00002250       0xb0 c:/program files (x86)/gnu arm embedded toolchain/9 2020-q2-update/bin/../lib/gcc/arm-none-eabi/9.3.1/../../../../arm-none-eabi/lib/thumb/v7e-m+fp/hard\libc.a(lib_a-lock.o)
 .debug_frame   0x00002300       0x34 c:/program files (x86)/gnu arm embedded toolchain/9 2020-q2-update/bin/../lib/gcc/arm-none-eabi/9.3.1/../../../../arm-none-eabi/lib/thumb/v7e-m+fp/hard\libc.a(lib_a-__atexit.o)
 .debug_frame   0x00002334       0x2c c:/program files (x86)/gnu arm embedded toolchain/9 2020-q2-update/bin/../lib/gcc/arm-none-eabi/9.3.1/thumb/v7e-m+fp/hard\libgcc.a(_aeabi_uldivmod.o)
 .debug_frame   0x00002360       0x34 c:/program files (x86)/gnu arm embedded toolchain/9 2020-q2-update/bin/../lib/gcc/arm-none-eabi/9.3.1/thumb/v7e-m+fp/hard\libgcc.a(_udivmoddi4.o)

Cross Reference Table

Symbol                                            File
ADC_IRQHandler                                    build/startup_stm32f446xx.o
AHBPrescTable                                     build/system_stm32f4xx.o
                                                  build/stm32f4xx_hal_rcc.o
APBPrescTable                                     build/system_stm32f4xx.o
                                                  build/stm32f4xx_hal_rcc.o
BoardDevs                                         build/main.o
BusFault_Handler                                  build/stm32f4xx_it.o
CAN1_RX0_IRQHandler                               build/startup_stm32f446xx.o
CAN1_RX1_IRQHandler                               build/startup_stm32f446xx.o
CAN1_SCE_IRQHandler                               build/startup_stm32f446xx.o
CAN1_TX_IRQHandler                                build/startup_stm32f446xx.o
CAN2_RX0_IRQHandler                               build/startup_stm32f446xx.o
CAN2_RX1_IRQHandler                               build/startup_stm32f446xx.o
CAN2_SCE_IRQHandler                               build/startup_stm32f446xx.o
CAN2_TX_IRQHandler                                build/startup_stm32f446xx.o
CEC_IRQHandler                                    build/startup_stm32f446xx.o
DCMI_IRQHandler                                   build/startup_stm32f446xx.o
DMA1_Stream0_IRQHandler                           build/startup_stm32f446xx.o
DMA1_Stream1_IRQHandler                           build/startup_stm32f446xx.o
DMA1_Stream2_IRQHandler                           build/startup_stm32f446xx.o
DMA1_Stream3_IRQHandler                           build/startup_stm32f446xx.o
DMA1_Stream4_IRQHandler                           build/startup_stm32f446xx.o
DMA1_Stream5_IRQHandler                           build/startup_stm32f446xx.o
DMA1_Stream6_IRQHandler                           build/startup_stm32f446xx.o
DMA1_Stream7_IRQHandler                           build/startup_stm32f446xx.o
DMA2_Stream0_IRQHandler                           build/startup_stm32f446xx.o
DMA2_Stream1_IRQHandler                           build/startup_stm32f446xx.o
DMA2_Stream2_IRQHandler                           build/startup_stm32f446xx.o
DMA2_Stream3_IRQHandler                           build/startup_stm32f446xx.o
DMA2_Stream4_IRQHandler                           build/startup_stm32f446xx.o
DMA2_Stream5_IRQHandler                           build/startup_stm32f446xx.o
DMA2_Stream6_IRQHandler                           build/startup_stm32f446xx.o
DMA2_Stream7_IRQHandler                           build/startup_stm32f446xx.o
DebugMon_Handler                                  build/stm32f4xx_it.o
Default_Handler                                   build/startup_stm32f446xx.o
EXTI0_IRQHandler                                  build/startup_stm32f446xx.o
EXTI15_10_IRQHandler                              build/startup_stm32f446xx.o
EXTI1_IRQHandler                                  build/startup_stm32f446xx.o
EXTI2_IRQHandler                                  build/startup_stm32f446xx.o
EXTI3_IRQHandler                                  build/startup_stm32f446xx.o
EXTI4_IRQHandler                                  build/startup_stm32f446xx.o
EXTI9_5_IRQHandler                                build/startup_stm32f446xx.o
Error_Handler                                     build/main.o
FLASH_Erase_Sector                                build/stm32f4xx_hal_flash_ex.o
                                                  build/stm32f4xx_hal_flash.o
FLASH_FlushCaches                                 build/stm32f4xx_hal_flash_ex.o
                                                  build/stm32f4xx_hal_flash.o
FLASH_IRQHandler                                  build/startup_stm32f446xx.o
FLASH_WaitForLastOperation                        build/stm32f4xx_hal_flash.o
                                                  build/stm32f4xx_hal_flash_ex.o
FMC_IRQHandler                                    build/startup_stm32f446xx.o
FMPI2C1_ER_IRQHandler                             build/startup_stm32f446xx.o
FMPI2C1_EV_IRQHandler                             build/startup_stm32f446xx.o
FPU_IRQHandler                                    build/startup_stm32f446xx.o
HAL_DBGMCU_DisableDBGSleepMode                    build/stm32f4xx_hal.o
HAL_DBGMCU_DisableDBGStandbyMode                  build/stm32f4xx_hal.o
HAL_DBGMCU_DisableDBGStopMode                     build/stm32f4xx_hal.o
HAL_DBGMCU_EnableDBGSleepMode                     build/stm32f4xx_hal.o
HAL_DBGMCU_EnableDBGStandbyMode                   build/stm32f4xx_hal.o
HAL_DBGMCU_EnableDBGStopMode                      build/stm32f4xx_hal.o
HAL_DMAEx_ChangeMemory                            build/stm32f4xx_hal_dma_ex.o
HAL_DMAEx_MultiBufferStart                        build/stm32f4xx_hal_dma_ex.o
HAL_DMAEx_MultiBufferStart_IT                     build/stm32f4xx_hal_dma_ex.o
HAL_DMA_Abort                                     build/stm32f4xx_hal_dma.o
                                                  build/stm32f4xx_hal_uart.o
HAL_DMA_Abort_IT                                  build/stm32f4xx_hal_dma.o
                                                  build/stm32f4xx_hal_uart.o
                                                  build/stm32f4xx_hal_i2c.o
HAL_DMA_DeInit                                    build/stm32f4xx_hal_dma.o
HAL_DMA_GetError                                  build/stm32f4xx_hal_dma.o
                                                  build/stm32f4xx_hal_uart.o
                                                  build/stm32f4xx_hal_i2c.o
HAL_DMA_GetState                                  build/stm32f4xx_hal_dma.o
                                                  build/stm32f4xx_hal_i2c.o
HAL_DMA_IRQHandler                                build/stm32f4xx_hal_dma.o
HAL_DMA_Init                                      build/stm32f4xx_hal_dma.o
HAL_DMA_PollForTransfer                           build/stm32f4xx_hal_dma.o
HAL_DMA_RegisterCallback                          build/stm32f4xx_hal_dma.o
HAL_DMA_Start                                     build/stm32f4xx_hal_dma.o
HAL_DMA_Start_IT                                  build/stm32f4xx_hal_dma.o
                                                  build/stm32f4xx_hal_uart.o
                                                  build/stm32f4xx_hal_i2c.o
HAL_DMA_UnRegisterCallback                        build/stm32f4xx_hal_dma.o
HAL_DeInit                                        build/stm32f4xx_hal.o
HAL_Delay                                         build/stm32f4xx_hal.o
                                                  build/main.o
HAL_DisableCompensationCell                       build/stm32f4xx_hal.o
HAL_EXTI_ClearConfigLine                          build/stm32f4xx_hal_exti.o
HAL_EXTI_ClearPending                             build/stm32f4xx_hal_exti.o
HAL_EXTI_GenerateSWI                              build/stm32f4xx_hal_exti.o
HAL_EXTI_GetConfigLine                            build/stm32f4xx_hal_exti.o
HAL_EXTI_GetHandle                                build/stm32f4xx_hal_exti.o
HAL_EXTI_GetPending                               build/stm32f4xx_hal_exti.o
HAL_EXTI_IRQHandler                               build/stm32f4xx_hal_exti.o
HAL_EXTI_RegisterCallback                         build/stm32f4xx_hal_exti.o
HAL_EXTI_SetConfigLine                            build/stm32f4xx_hal_exti.o
HAL_EnableCompensationCell                        build/stm32f4xx_hal.o
HAL_FLASHEx_AdvOBGetConfig                        build/stm32f4xx_hal_flash_ex.o
HAL_FLASHEx_AdvOBProgram                          build/stm32f4xx_hal_flash_ex.o
HAL_FLASHEx_DisableFlashSleepMode                 build/stm32f4xx_hal_flash_ramfunc.o
HAL_FLASHEx_EnableFlashSleepMode                  build/stm32f4xx_hal_flash_ramfunc.o
HAL_FLASHEx_Erase                                 build/stm32f4xx_hal_flash_ex.o
HAL_FLASHEx_Erase_IT                              build/stm32f4xx_hal_flash_ex.o
HAL_FLASHEx_OBGetConfig                           build/stm32f4xx_hal_flash_ex.o
HAL_FLASHEx_OBProgram                             build/stm32f4xx_hal_flash_ex.o
HAL_FLASHEx_OB_DeSelectPCROP                      build/stm32f4xx_hal_flash_ex.o
HAL_FLASHEx_OB_SelectPCROP                        build/stm32f4xx_hal_flash_ex.o
HAL_FLASHEx_StartFlashInterfaceClk                build/stm32f4xx_hal_flash_ramfunc.o
HAL_FLASHEx_StopFlashInterfaceClk                 build/stm32f4xx_hal_flash_ramfunc.o
HAL_FLASH_EndOfOperationCallback                  build/stm32f4xx_hal_flash.o
HAL_FLASH_GetError                                build/stm32f4xx_hal_flash.o
HAL_FLASH_IRQHandler                              build/stm32f4xx_hal_flash.o
HAL_FLASH_Lock                                    build/stm32f4xx_hal_flash.o
HAL_FLASH_OB_Launch                               build/stm32f4xx_hal_flash.o
HAL_FLASH_OB_Lock                                 build/stm32f4xx_hal_flash.o
HAL_FLASH_OB_Unlock                               build/stm32f4xx_hal_flash.o
HAL_FLASH_OperationErrorCallback                  build/stm32f4xx_hal_flash.o
HAL_FLASH_Program                                 build/stm32f4xx_hal_flash.o
HAL_FLASH_Program_IT                              build/stm32f4xx_hal_flash.o
HAL_FLASH_Unlock                                  build/stm32f4xx_hal_flash.o
HAL_GPIO_DeInit                                   build/stm32f4xx_hal_gpio.o
                                                  build/stm32f4xx_hal_msp.o
HAL_GPIO_EXTI_Callback                            build/stm32f4xx_hal_gpio.o
HAL_GPIO_EXTI_IRQHandler                          build/stm32f4xx_hal_gpio.o
HAL_GPIO_Init                                     build/stm32f4xx_hal_gpio.o
                                                  build/stm32f4xx_hal_msp.o
                                                  build/main.o
                                                  build/stm32f4xx_hal_rcc.o
HAL_GPIO_LockPin                                  build/stm32f4xx_hal_gpio.o
HAL_GPIO_ReadPin                                  build/stm32f4xx_hal_gpio.o
HAL_GPIO_TogglePin                                build/stm32f4xx_hal_gpio.o
                                                  build/main.o
HAL_GPIO_WritePin                                 build/stm32f4xx_hal_gpio.o
                                                  build/main.o
HAL_GetDEVID                                      build/stm32f4xx_hal.o
HAL_GetHalVersion                                 build/stm32f4xx_hal.o
HAL_GetREVID                                      build/stm32f4xx_hal.o
HAL_GetTick                                       build/stm32f4xx_hal.o
                                                  build/stm32f4xx_hal_uart.o
                                                  build/stm32f4xx_hal_rcc_ex.o
                                                  build/stm32f4xx_hal_rcc.o
                                                  build/stm32f4xx_hal_pwr_ex.o
                                                  build/stm32f4xx_hal_i2c.o
                                                  build/stm32f4xx_hal_flash.o
                                                  build/stm32f4xx_hal_dma.o
HAL_GetTickFreq                                   build/stm32f4xx_hal.o
HAL_GetTickPrio                                   build/stm32f4xx_hal.o
HAL_GetUIDw0                                      build/stm32f4xx_hal.o
HAL_GetUIDw1                                      build/stm32f4xx_hal.o
HAL_GetUIDw2                                      build/stm32f4xx_hal.o
HAL_HalfDuplex_EnableReceiver                     build/stm32f4xx_hal_uart.o
HAL_HalfDuplex_EnableTransmitter                  build/stm32f4xx_hal_uart.o
HAL_HalfDuplex_Init                               build/stm32f4xx_hal_uart.o
HAL_I2CEx_ConfigAnalogFilter                      build/stm32f4xx_hal_i2c_ex.o
HAL_I2CEx_ConfigDigitalFilter                     build/stm32f4xx_hal_i2c_ex.o
HAL_I2C_AbortCpltCallback                         build/stm32f4xx_hal_i2c.o
HAL_I2C_AddrCallback                              build/stm32f4xx_hal_i2c.o
HAL_I2C_DeInit                                    build/stm32f4xx_hal_i2c.o
HAL_I2C_DisableListen_IT                          build/stm32f4xx_hal_i2c.o
HAL_I2C_ER_IRQHandler                             build/stm32f4xx_hal_i2c.o
HAL_I2C_EV_IRQHandler                             build/stm32f4xx_hal_i2c.o
HAL_I2C_EnableListen_IT                           build/stm32f4xx_hal_i2c.o
HAL_I2C_ErrorCallback                             build/stm32f4xx_hal_i2c.o
HAL_I2C_GetError                                  build/stm32f4xx_hal_i2c.o
HAL_I2C_GetMode                                   build/stm32f4xx_hal_i2c.o
HAL_I2C_GetState                                  build/stm32f4xx_hal_i2c.o
HAL_I2C_Init                                      build/stm32f4xx_hal_i2c.o
                                                  build/main.o
HAL_I2C_IsDeviceReady                             build/stm32f4xx_hal_i2c.o
HAL_I2C_ListenCpltCallback                        build/stm32f4xx_hal_i2c.o
HAL_I2C_MasterRxCpltCallback                      build/stm32f4xx_hal_i2c.o
HAL_I2C_MasterTxCpltCallback                      build/stm32f4xx_hal_i2c.o
HAL_I2C_Master_Abort_IT                           build/stm32f4xx_hal_i2c.o
HAL_I2C_Master_Receive                            build/stm32f4xx_hal_i2c.o
                                                  build/main.o
HAL_I2C_Master_Receive_DMA                        build/stm32f4xx_hal_i2c.o
HAL_I2C_Master_Receive_IT                         build/stm32f4xx_hal_i2c.o
HAL_I2C_Master_Seq_Receive_DMA                    build/stm32f4xx_hal_i2c.o
HAL_I2C_Master_Seq_Receive_IT                     build/stm32f4xx_hal_i2c.o
HAL_I2C_Master_Seq_Transmit_DMA                   build/stm32f4xx_hal_i2c.o
HAL_I2C_Master_Seq_Transmit_IT                    build/stm32f4xx_hal_i2c.o
HAL_I2C_Master_Transmit                           build/stm32f4xx_hal_i2c.o
                                                  build/main.o
HAL_I2C_Master_Transmit_DMA                       build/stm32f4xx_hal_i2c.o
HAL_I2C_Master_Transmit_IT                        build/stm32f4xx_hal_i2c.o
HAL_I2C_MemRxCpltCallback                         build/stm32f4xx_hal_i2c.o
HAL_I2C_MemTxCpltCallback                         build/stm32f4xx_hal_i2c.o
HAL_I2C_Mem_Read                                  build/stm32f4xx_hal_i2c.o
HAL_I2C_Mem_Read_DMA                              build/stm32f4xx_hal_i2c.o
HAL_I2C_Mem_Read_IT                               build/stm32f4xx_hal_i2c.o
HAL_I2C_Mem_Write                                 build/stm32f4xx_hal_i2c.o
HAL_I2C_Mem_Write_DMA                             build/stm32f4xx_hal_i2c.o
HAL_I2C_Mem_Write_IT                              build/stm32f4xx_hal_i2c.o
HAL_I2C_MspDeInit                                 build/stm32f4xx_hal_msp.o
                                                  build/stm32f4xx_hal_i2c.o
HAL_I2C_MspInit                                   build/stm32f4xx_hal_msp.o
                                                  build/stm32f4xx_hal_i2c.o
                                                  build/main.o
HAL_I2C_SlaveRxCpltCallback                       build/stm32f4xx_hal_i2c.o
HAL_I2C_SlaveTxCpltCallback                       build/stm32f4xx_hal_i2c.o
HAL_I2C_Slave_Receive                             build/stm32f4xx_hal_i2c.o
HAL_I2C_Slave_Receive_DMA                         build/stm32f4xx_hal_i2c.o
HAL_I2C_Slave_Receive_IT                          build/stm32f4xx_hal_i2c.o
HAL_I2C_Slave_Seq_Receive_DMA                     build/stm32f4xx_hal_i2c.o
HAL_I2C_Slave_Seq_Receive_IT                      build/stm32f4xx_hal_i2c.o
HAL_I2C_Slave_Seq_Transmit_DMA                    build/stm32f4xx_hal_i2c.o
HAL_I2C_Slave_Seq_Transmit_IT                     build/stm32f4xx_hal_i2c.o
HAL_I2C_Slave_Transmit                            build/stm32f4xx_hal_i2c.o
HAL_I2C_Slave_Transmit_DMA                        build/stm32f4xx_hal_i2c.o
HAL_I2C_Slave_Transmit_IT                         build/stm32f4xx_hal_i2c.o
HAL_IncTick                                       build/stm32f4xx_hal.o
                                                  build/stm32f4xx_it.o
HAL_Init                                          build/stm32f4xx_hal.o
                                                  build/main.o
HAL_InitTick                                      build/stm32f4xx_hal.o
                                                  build/stm32f4xx_hal_rcc_ex.o
                                                  build/stm32f4xx_hal_rcc.o
HAL_LIN_Init                                      build/stm32f4xx_hal_uart.o
HAL_LIN_SendBreak                                 build/stm32f4xx_hal_uart.o
HAL_MPU_ConfigRegion                              build/stm32f4xx_hal_cortex.o
HAL_MPU_Disable                                   build/stm32f4xx_hal_cortex.o
HAL_MPU_Enable                                    build/stm32f4xx_hal_cortex.o
HAL_MspDeInit                                     build/stm32f4xx_hal.o
HAL_MspInit                                       build/stm32f4xx_hal_msp.o
                                                  build/stm32f4xx_hal.o
HAL_MultiProcessor_EnterMuteMode                  build/stm32f4xx_hal_uart.o
HAL_MultiProcessor_ExitMuteMode                   build/stm32f4xx_hal_uart.o
HAL_MultiProcessor_Init                           build/stm32f4xx_hal_uart.o
HAL_NVIC_ClearPendingIRQ                          build/stm32f4xx_hal_cortex.o
HAL_NVIC_DisableIRQ                               build/stm32f4xx_hal_cortex.o
HAL_NVIC_EnableIRQ                                build/stm32f4xx_hal_cortex.o
HAL_NVIC_GetActive                                build/stm32f4xx_hal_cortex.o
HAL_NVIC_GetPendingIRQ                            build/stm32f4xx_hal_cortex.o
HAL_NVIC_GetPriority                              build/stm32f4xx_hal_cortex.o
HAL_NVIC_GetPriorityGrouping                      build/stm32f4xx_hal_cortex.o
HAL_NVIC_SetPendingIRQ                            build/stm32f4xx_hal_cortex.o
HAL_NVIC_SetPriority                              build/stm32f4xx_hal_cortex.o
                                                  build/stm32f4xx_hal.o
HAL_NVIC_SetPriorityGrouping                      build/stm32f4xx_hal_cortex.o
                                                  build/stm32f4xx_hal_msp.o
                                                  build/stm32f4xx_hal.o
HAL_NVIC_SystemReset                              build/stm32f4xx_hal_cortex.o
HAL_PWREx_ControlVoltageScaling                   build/stm32f4xx_hal_pwr_ex.o
HAL_PWREx_DisableBkUpReg                          build/stm32f4xx_hal_pwr_ex.o
HAL_PWREx_DisableFlashPowerDown                   build/stm32f4xx_hal_pwr_ex.o
HAL_PWREx_DisableOverDrive                        build/stm32f4xx_hal_pwr_ex.o
HAL_PWREx_EnableBkUpReg                           build/stm32f4xx_hal_pwr_ex.o
HAL_PWREx_EnableFlashPowerDown                    build/stm32f4xx_hal_pwr_ex.o
HAL_PWREx_EnableOverDrive                         build/stm32f4xx_hal_pwr_ex.o
HAL_PWREx_EnterUnderDriveSTOPMode                 build/stm32f4xx_hal_pwr_ex.o
HAL_PWREx_GetVoltageRange                         build/stm32f4xx_hal_pwr_ex.o
HAL_PWR_ConfigPVD                                 build/stm32f4xx_hal_pwr.o
HAL_PWR_DeInit                                    build/stm32f4xx_hal_pwr.o
HAL_PWR_DisableBkUpAccess                         build/stm32f4xx_hal_pwr.o
HAL_PWR_DisablePVD                                build/stm32f4xx_hal_pwr.o
HAL_PWR_DisableSEVOnPend                          build/stm32f4xx_hal_pwr.o
HAL_PWR_DisableSleepOnExit                        build/stm32f4xx_hal_pwr.o
HAL_PWR_DisableWakeUpPin                          build/stm32f4xx_hal_pwr.o
HAL_PWR_EnableBkUpAccess                          build/stm32f4xx_hal_pwr.o
HAL_PWR_EnablePVD                                 build/stm32f4xx_hal_pwr.o
HAL_PWR_EnableSEVOnPend                           build/stm32f4xx_hal_pwr.o
HAL_PWR_EnableSleepOnExit                         build/stm32f4xx_hal_pwr.o
HAL_PWR_EnableWakeUpPin                           build/stm32f4xx_hal_pwr.o
HAL_PWR_EnterSLEEPMode                            build/stm32f4xx_hal_pwr.o
HAL_PWR_EnterSTANDBYMode                          build/stm32f4xx_hal_pwr.o
HAL_PWR_EnterSTOPMode                             build/stm32f4xx_hal_pwr.o
HAL_PWR_PVDCallback                               build/stm32f4xx_hal_pwr.o
HAL_PWR_PVD_IRQHandler                            build/stm32f4xx_hal_pwr.o
HAL_RCCEx_DisablePLLI2S                           build/stm32f4xx_hal_rcc_ex.o
HAL_RCCEx_DisablePLLSAI                           build/stm32f4xx_hal_rcc_ex.o
HAL_RCCEx_EnablePLLI2S                            build/stm32f4xx_hal_rcc_ex.o
HAL_RCCEx_EnablePLLSAI                            build/stm32f4xx_hal_rcc_ex.o
HAL_RCCEx_GetPeriphCLKConfig                      build/stm32f4xx_hal_rcc_ex.o
HAL_RCCEx_GetPeriphCLKFreq                        build/stm32f4xx_hal_rcc_ex.o
HAL_RCCEx_PeriphCLKConfig                         build/stm32f4xx_hal_rcc_ex.o
HAL_RCCEx_SelectLSEMode                           build/stm32f4xx_hal_rcc_ex.o
HAL_RCC_CSSCallback                               build/stm32f4xx_hal_rcc.o
HAL_RCC_ClockConfig                               build/stm32f4xx_hal_rcc.o
                                                  build/main.o
HAL_RCC_DeInit                                    build/stm32f4xx_hal_rcc_ex.o
                                                  build/stm32f4xx_hal_rcc.o
HAL_RCC_DisableCSS                                build/stm32f4xx_hal_rcc.o
HAL_RCC_EnableCSS                                 build/stm32f4xx_hal_rcc.o
HAL_RCC_GetClockConfig                            build/stm32f4xx_hal_rcc.o
HAL_RCC_GetHCLKFreq                               build/stm32f4xx_hal_rcc.o
HAL_RCC_GetOscConfig                              build/stm32f4xx_hal_rcc_ex.o
                                                  build/stm32f4xx_hal_rcc.o
HAL_RCC_GetPCLK1Freq                              build/stm32f4xx_hal_rcc.o
                                                  build/stm32f4xx_hal_uart.o
                                                  build/stm32f4xx_hal_i2c.o
HAL_RCC_GetPCLK2Freq                              build/stm32f4xx_hal_rcc.o
                                                  build/stm32f4xx_hal_uart.o
HAL_RCC_GetSysClockFreq                           build/stm32f4xx_hal_rcc_ex.o
                                                  build/stm32f4xx_hal_rcc.o
HAL_RCC_MCOConfig                                 build/stm32f4xx_hal_rcc.o
HAL_RCC_NMI_IRQHandler                            build/stm32f4xx_hal_rcc.o
HAL_RCC_OscConfig                                 build/stm32f4xx_hal_rcc_ex.o
                                                  build/stm32f4xx_hal_rcc.o
                                                  build/main.o
HAL_ResumeTick                                    build/stm32f4xx_hal.o
HAL_SYSTICK_CLKSourceConfig                       build/stm32f4xx_hal_cortex.o
HAL_SYSTICK_Callback                              build/stm32f4xx_hal_cortex.o
HAL_SYSTICK_Config                                build/stm32f4xx_hal_cortex.o
                                                  build/stm32f4xx_hal.o
HAL_SYSTICK_IRQHandler                            build/stm32f4xx_hal_cortex.o
HAL_SetTickFreq                                   build/stm32f4xx_hal.o
HAL_SuspendTick                                   build/stm32f4xx_hal.o
HAL_UART_Abort                                    build/stm32f4xx_hal_uart.o
HAL_UART_AbortCpltCallback                        build/stm32f4xx_hal_uart.o
HAL_UART_AbortReceive                             build/stm32f4xx_hal_uart.o
HAL_UART_AbortReceiveCpltCallback                 build/stm32f4xx_hal_uart.o
HAL_UART_AbortReceive_IT                          build/stm32f4xx_hal_uart.o
HAL_UART_AbortTransmit                            build/stm32f4xx_hal_uart.o
HAL_UART_AbortTransmitCpltCallback                build/stm32f4xx_hal_uart.o
HAL_UART_AbortTransmit_IT                         build/stm32f4xx_hal_uart.o
HAL_UART_Abort_IT                                 build/stm32f4xx_hal_uart.o
HAL_UART_DMAPause                                 build/stm32f4xx_hal_uart.o
HAL_UART_DMAResume                                build/stm32f4xx_hal_uart.o
HAL_UART_DMAStop                                  build/stm32f4xx_hal_uart.o
HAL_UART_DeInit                                   build/stm32f4xx_hal_uart.o
HAL_UART_ErrorCallback                            build/stm32f4xx_hal_uart.o
HAL_UART_GetError                                 build/stm32f4xx_hal_uart.o
HAL_UART_GetState                                 build/stm32f4xx_hal_uart.o
HAL_UART_IRQHandler                               build/stm32f4xx_hal_uart.o
HAL_UART_Init                                     build/stm32f4xx_hal_uart.o
                                                  build/main.o
HAL_UART_MspDeInit                                build/stm32f4xx_hal_msp.o
                                                  build/stm32f4xx_hal_uart.o
HAL_UART_MspInit                                  build/stm32f4xx_hal_msp.o
                                                  build/stm32f4xx_hal_uart.o
HAL_UART_Receive                                  build/stm32f4xx_hal_uart.o
HAL_UART_Receive_DMA                              build/stm32f4xx_hal_uart.o
HAL_UART_Receive_IT                               build/stm32f4xx_hal_uart.o
HAL_UART_RxCpltCallback                           build/stm32f4xx_hal_uart.o
HAL_UART_RxHalfCpltCallback                       build/stm32f4xx_hal_uart.o
HAL_UART_Transmit                                 build/stm32f4xx_hal_uart.o
HAL_UART_Transmit_DMA                             build/stm32f4xx_hal_uart.o
HAL_UART_Transmit_IT                              build/stm32f4xx_hal_uart.o
HAL_UART_TxCpltCallback                           build/stm32f4xx_hal_uart.o
HAL_UART_TxHalfCpltCallback                       build/stm32f4xx_hal_uart.o
HardFault_Handler                                 build/stm32f4xx_it.o
I2C1_ER_IRQHandler                                build/startup_stm32f446xx.o
I2C1_EV_IRQHandler                                build/startup_stm32f446xx.o
I2C2_ER_IRQHandler                                build/startup_stm32f446xx.o
I2C2_EV_IRQHandler                                build/startup_stm32f446xx.o
I2C3_ER_IRQHandler                                build/startup_stm32f446xx.o
I2C3_EV_IRQHandler                                build/startup_stm32f446xx.o
MemManage_Handler                                 build/stm32f4xx_it.o
NMI_Handler                                       build/stm32f4xx_it.o
OTG_FS_IRQHandler                                 build/startup_stm32f446xx.o
OTG_FS_WKUP_IRQHandler                            build/startup_stm32f446xx.o
OTG_HS_EP1_IN_IRQHandler                          build/startup_stm32f446xx.o
OTG_HS_EP1_OUT_IRQHandler                         build/startup_stm32f446xx.o
OTG_HS_IRQHandler                                 build/startup_stm32f446xx.o
OTG_HS_WKUP_IRQHandler                            build/startup_stm32f446xx.o
PVD_IRQHandler                                    build/startup_stm32f446xx.o
PendSV_Handler                                    build/stm32f4xx_it.o
QUADSPI_IRQHandler                                build/startup_stm32f446xx.o
RCC_IRQHandler                                    build/startup_stm32f446xx.o
RTC_Alarm_IRQHandler                              build/startup_stm32f446xx.o
RTC_WKUP_IRQHandler                               build/startup_stm32f446xx.o
Range                                             build/main.o
RangeDB1                                          build/main.o
RangeDB2                                          build/main.o
Reset_Handler                                     build/startup_stm32f446xx.o
SAI1_IRQHandler                                   build/startup_stm32f446xx.o
SAI2_IRQHandler                                   build/startup_stm32f446xx.o
SDIO_IRQHandler                                   build/startup_stm32f446xx.o
SPDIF_RX_IRQHandler                               build/startup_stm32f446xx.o
SPI1_IRQHandler                                   build/startup_stm32f446xx.o
SPI2_IRQHandler                                   build/startup_stm32f446xx.o
SPI3_IRQHandler                                   build/startup_stm32f446xx.o
SPI4_IRQHandler                                   build/startup_stm32f446xx.o
SVC_Handler                                       build/stm32f4xx_it.o
SysTick_Handler                                   build/stm32f4xx_it.o
SystemClock_Config                                build/main.o
SystemCoreClock                                   build/system_stm32f4xx.o
                                                  build/stm32f4xx_hal_rcc_ex.o
                                                  build/stm32f4xx_hal_rcc.o
                                                  build/stm32f4xx_hal_i2c.o
                                                  build/stm32f4xx_hal_dma.o
                                                  build/stm32f4xx_hal.o
SystemCoreClockUpdate                             build/system_stm32f4xx.o
SystemInit                                        build/system_stm32f4xx.o
                                                  build/startup_stm32f446xx.o
TAMP_STAMP_IRQHandler                             build/startup_stm32f446xx.o
TIM1_BRK_TIM9_IRQHandler                          build/startup_stm32f446xx.o
TIM1_CC_IRQHandler                                build/startup_stm32f446xx.o
TIM1_TRG_COM_TIM11_IRQHandler                     build/startup_stm32f446xx.o
TIM1_UP_TIM10_IRQHandler                          build/startup_stm32f446xx.o
TIM2_IRQHandler                                   build/startup_stm32f446xx.o
TIM3_IRQHandler                                   build/startup_stm32f446xx.o
TIM4_IRQHandler                                   build/startup_stm32f446xx.o
TIM5_IRQHandler                                   build/startup_stm32f446xx.o
TIM6_DAC_IRQHandler                               build/startup_stm32f446xx.o
TIM7_IRQHandler                                   build/startup_stm32f446xx.o
TIM8_BRK_TIM12_IRQHandler                         build/startup_stm32f446xx.o
TIM8_CC_IRQHandler                                build/startup_stm32f446xx.o
TIM8_TRG_COM_TIM14_IRQHandler                     build/startup_stm32f446xx.o
TIM8_UP_TIM13_IRQHandler                          build/startup_stm32f446xx.o
UART4_IRQHandler                                  build/startup_stm32f446xx.o
UART5_IRQHandler                                  build/startup_stm32f446xx.o
USART1_IRQHandler                                 build/startup_stm32f446xx.o
USART2_IRQHandler                                 build/startup_stm32f446xx.o
USART3_IRQHandler                                 build/startup_stm32f446xx.o
USART6_IRQHandler                                 build/startup_stm32f446xx.o
UsageFault_Handler                                build/stm32f4xx_it.o
VL6180x_AlsConfigInterrupt                        build/vl6180x_api.o
VL6180x_AlsGetInterruptStatus                     build/vl6180x_api.o
VL6180x_AlsGetLux                                 build/vl6180x_api.o
VL6180x_AlsGetMeasurement                         build/vl6180x_api.o
VL6180x_AlsPollMeasurement                        build/vl6180x_api.o
VL6180x_AlsSetAnalogueGain                        build/vl6180x_api.o
VL6180x_AlsSetIntegrationPeriod                   build/vl6180x_api.o
VL6180x_AlsSetInterMeasurementPeriod              build/vl6180x_api.o
VL6180x_AlsSetSystemMode                          build/vl6180x_api.o
VL6180x_AlsSetThresholds                          build/vl6180x_api.o
VL6180x_AlsWaitDeviceReady                        build/vl6180x_api.o
VL6180x_ClearInterrupt                            build/vl6180x_api.o
VL6180x_DMaxGetState                              build/vl6180x_api.o
VL6180x_DMaxSetState                              build/vl6180x_api.o
                                                  build/main.o
VL6180x_DisableGPIOxOut                           build/vl6180x_api.o
VL6180x_FilterGetState                            build/vl6180x_api.o
VL6180x_FilterSetState                            build/vl6180x_api.o
VL6180x_GetCachedByte                             build/vl6180x_api.o
VL6180x_GetCachedDWord                            build/vl6180x_api.o
VL6180x_GetCachedWord                             build/vl6180x_api.o
VL6180x_GetInterruptStatus                        build/vl6180x_api.o
VL6180x_GetOffsetCalibrationData                  build/vl6180x_api.o
VL6180x_GetUpperLimit                             build/vl6180x_api.o
VL6180x_I2CRead                                   build/main.o
                                                  build/vl6180x_i2c.o
VL6180x_I2CWrite                                  build/main.o
                                                  build/vl6180x_i2c.o
VL6180x_InitData                                  build/vl6180x_api.o
                                                  build/main.o
VL6180x_Prepare                                   build/vl6180x_api.o
                                                  build/main.o
VL6180x_RangeConfigInterrupt                      build/vl6180x_api.o
VL6180x_RangeGetDeviceReady                       build/vl6180x_api.o
VL6180x_RangeGetInterruptStatus                   build/vl6180x_api.o
VL6180x_RangeGetMeasurement                       build/vl6180x_api.o
VL6180x_RangeGetMeasurementIfReady                build/vl6180x_api.o
                                                  build/main.o
VL6180x_RangeGetResult                            build/vl6180x_api.o
VL6180x_RangeGetStatusErrString                   build/vl6180x_api.o
VL6180x_RangeGetThresholds                        build/vl6180x_api.o
VL6180x_RangeIgnoreConfigure                      build/vl6180x_api.o
VL6180x_RangeIgnoreSetEnable                      build/vl6180x_api.o
VL6180x_RangePollMeasurement                      build/vl6180x_api.o
VL6180x_RangeSetEceFactor                         build/vl6180x_api.o
VL6180x_RangeSetEceState                          build/vl6180x_api.o
VL6180x_RangeSetInterMeasPeriod                   build/vl6180x_api.o
VL6180x_RangeSetMaxConvergenceTime                build/vl6180x_api.o
VL6180x_RangeSetRawThresholds                     build/vl6180x_api.o
VL6180x_RangeSetSystemMode                        build/vl6180x_api.o
VL6180x_RangeSetThresholds                        build/vl6180x_api.o
VL6180x_RangeStartContinuousMode                  build/vl6180x_api.o
VL6180x_RangeStartSingleShot                      build/vl6180x_api.o
                                                  build/main.o
VL6180x_RangeStatusErrString                      build/vl6180x_api.o
VL6180x_RangeWaitDeviceReady                      build/vl6180x_api.o
VL6180x_RdByte                                    build/vl6180x_i2c.o
                                                  build/vl6180x_api.o
                                                  build/main.o
VL6180x_RdDWord                                   build/vl6180x_i2c.o
                                                  build/vl6180x_api.o
VL6180x_RdMulti                                   build/vl6180x_i2c.o
                                                  build/vl6180x_api.o
VL6180x_RdWord                                    build/vl6180x_i2c.o
                                                  build/vl6180x_api.o
VL6180x_SetGPIOxFunctionality                     build/vl6180x_api.o
VL6180x_SetGPIOxPolarity                          build/vl6180x_api.o
VL6180x_SetGroupParamHold                         build/vl6180x_api.o
VL6180x_SetI2CAddress                             build/vl6180x_api.o
                                                  build/main.o
VL6180x_SetOffsetCalibrationData                  build/vl6180x_api.o
VL6180x_SetXTalkCompensationRate                  build/vl6180x_api.o
VL6180x_SetupGPIO1                                build/vl6180x_api.o
VL6180x_SetupGPIOx                                build/vl6180x_api.o
VL6180x_SqrtUint32                                build/vl6180x_api.o
VL6180x_StaticInit                                build/vl6180x_api.o
VL6180x_UpdateByte                                build/vl6180x_i2c.o
                                                  build/vl6180x_api.o
VL6180x_UpscaleGetScaling                         build/vl6180x_api.o
VL6180x_UpscaleRegInit                            build/vl6180x_api.o
VL6180x_UpscaleSetScaling                         build/vl6180x_api.o
VL6180x_WaitDeviceBooted                          build/vl6180x_api.o
VL6180x_WrByte                                    build/vl6180x_i2c.o
                                                  build/vl6180x_api.o
VL6180x_WrDWord                                   build/vl6180x_i2c.o
                                                  build/vl6180x_api.o
VL6180x_WrWord                                    build/vl6180x_i2c.o
                                                  build/vl6180x_api.o
WWDG_IRQHandler                                   build/startup_stm32f446xx.o
WaitMilliSec                                      build/main.o
_CachedRegs_Fetch                                 build/vl6180x_api.o
_CachedRegs_Flush                                 build/vl6180x_api.o
_DMax_OneTimeInit                                 build/vl6180x_api.o
__aeabi_idiv0                                     c:/program files (x86)/gnu arm embedded toolchain/9 2020-q2-update/bin/../lib/gcc/arm-none-eabi/9.3.1/thumb/v7e-m+fp/hard\libgcc.a(_dvmd_tls.o)
__aeabi_ldiv0                                     c:/program files (x86)/gnu arm embedded toolchain/9 2020-q2-update/bin/../lib/gcc/arm-none-eabi/9.3.1/thumb/v7e-m+fp/hard\libgcc.a(_dvmd_tls.o)
                                                  c:/program files (x86)/gnu arm embedded toolchain/9 2020-q2-update/bin/../lib/gcc/arm-none-eabi/9.3.1/thumb/v7e-m+fp/hard\libgcc.a(_aeabi_uldivmod.o)
__aeabi_uldivmod                                  c:/program files (x86)/gnu arm embedded toolchain/9 2020-q2-update/bin/../lib/gcc/arm-none-eabi/9.3.1/thumb/v7e-m+fp/hard\libgcc.a(_aeabi_uldivmod.o)
                                                  build/stm32f4xx_hal_uart.o
                                                  build/stm32f4xx_hal_rcc_ex.o
                                                  build/stm32f4xx_hal_rcc.o
__atexit_recursive_mutex                          c:/program files (x86)/gnu arm embedded toolchain/9 2020-q2-update/bin/../lib/gcc/arm-none-eabi/9.3.1/../../../../arm-none-eabi/lib/thumb/v7e-m+fp/hard\libc.a(lib_a-__call_atexit.o)
                                                  c:/program files (x86)/gnu arm embedded toolchain/9 2020-q2-update/bin/../lib/gcc/arm-none-eabi/9.3.1/../../../../arm-none-eabi/lib/thumb/v7e-m+fp/hard\libc.a(lib_a-__atexit.o)
__bss_end__                                       c:/program files (x86)/gnu arm embedded toolchain/9 2020-q2-update/bin/../lib/gcc/arm-none-eabi/9.3.1/../../../../arm-none-eabi/lib/thumb/v7e-m+fp/hard/crt0.o
__bss_start__                                     c:/program files (x86)/gnu arm embedded toolchain/9 2020-q2-update/bin/../lib/gcc/arm-none-eabi/9.3.1/../../../../arm-none-eabi/lib/thumb/v7e-m+fp/hard/crt0.o
__call_exitprocs                                  c:/program files (x86)/gnu arm embedded toolchain/9 2020-q2-update/bin/../lib/gcc/arm-none-eabi/9.3.1/../../../../arm-none-eabi/lib/thumb/v7e-m+fp/hard\libc.a(lib_a-__call_atexit.o)
                                                  c:/program files (x86)/gnu arm embedded toolchain/9 2020-q2-update/bin/../lib/gcc/arm-none-eabi/9.3.1/../../../../arm-none-eabi/lib/thumb/v7e-m+fp/hard\libc.a(lib_a-exit.o)
__deregister_frame_info                           c:/program files (x86)/gnu arm embedded toolchain/9 2020-q2-update/bin/../lib/gcc/arm-none-eabi/9.3.1/thumb/v7e-m+fp/hard/crtbegin.o
__dso_handle                                      c:/program files (x86)/gnu arm embedded toolchain/9 2020-q2-update/bin/../lib/gcc/arm-none-eabi/9.3.1/thumb/v7e-m+fp/hard/crtbegin.o
__fini_array_end                                  c:/program files (x86)/gnu arm embedded toolchain/9 2020-q2-update/bin/../lib/gcc/arm-none-eabi/9.3.1/../../../../arm-none-eabi/lib/thumb/v7e-m+fp/hard\libc.a(lib_a-fini.o)
__fini_array_start                                c:/program files (x86)/gnu arm embedded toolchain/9 2020-q2-update/bin/../lib/gcc/arm-none-eabi/9.3.1/../../../../arm-none-eabi/lib/thumb/v7e-m+fp/hard\libc.a(lib_a-fini.o)
__init_array_end                                  c:/program files (x86)/gnu arm embedded toolchain/9 2020-q2-update/bin/../lib/gcc/arm-none-eabi/9.3.1/../../../../arm-none-eabi/lib/thumb/v7e-m+fp/hard\libc.a(lib_a-init.o)
__init_array_start                                c:/program files (x86)/gnu arm embedded toolchain/9 2020-q2-update/bin/../lib/gcc/arm-none-eabi/9.3.1/../../../../arm-none-eabi/lib/thumb/v7e-m+fp/hard\libc.a(lib_a-init.o)
__libc_fini                                       c:/program files (x86)/gnu arm embedded toolchain/9 2020-q2-update/bin/../lib/gcc/arm-none-eabi/9.3.1/../../../../arm-none-eabi/lib/thumb/v7e-m+fp/hard\libc.a(lib_a-__call_atexit.o)
__libc_fini_array                                 c:/program files (x86)/gnu arm embedded toolchain/9 2020-q2-update/bin/../lib/gcc/arm-none-eabi/9.3.1/../../../../arm-none-eabi/lib/thumb/v7e-m+fp/hard\libc.a(lib_a-fini.o)
                                                  c:/program files (x86)/gnu arm embedded toolchain/9 2020-q2-update/bin/../lib/gcc/arm-none-eabi/9.3.1/../../../../arm-none-eabi/lib/thumb/v7e-m+fp/hard\libc.a(lib_a-__call_atexit.o)
                                                  c:/program files (x86)/gnu arm embedded toolchain/9 2020-q2-update/bin/../lib/gcc/arm-none-eabi/9.3.1/../../../../arm-none-eabi/lib/thumb/v7e-m+fp/hard/crt0.o
__libc_init_array                                 c:/program files (x86)/gnu arm embedded toolchain/9 2020-q2-update/bin/../lib/gcc/arm-none-eabi/9.3.1/../../../../arm-none-eabi/lib/thumb/v7e-m+fp/hard\libc.a(lib_a-init.o)
                                                  build/startup_stm32f446xx.o
                                                  c:/program files (x86)/gnu arm embedded toolchain/9 2020-q2-update/bin/../lib/gcc/arm-none-eabi/9.3.1/../../../../arm-none-eabi/lib/thumb/v7e-m+fp/hard/crt0.o
__lock___arc4random_mutex                         c:/program files (x86)/gnu arm embedded toolchain/9 2020-q2-update/bin/../lib/gcc/arm-none-eabi/9.3.1/../../../../arm-none-eabi/lib/thumb/v7e-m+fp/hard\libc.a(lib_a-lock.o)
__lock___at_quick_exit_mutex                      c:/program files (x86)/gnu arm embedded toolchain/9 2020-q2-update/bin/../lib/gcc/arm-none-eabi/9.3.1/../../../../arm-none-eabi/lib/thumb/v7e-m+fp/hard\libc.a(lib_a-lock.o)
__lock___atexit_recursive_mutex                   c:/program files (x86)/gnu arm embedded toolchain/9 2020-q2-update/bin/../lib/gcc/arm-none-eabi/9.3.1/../../../../arm-none-eabi/lib/thumb/v7e-m+fp/hard\libc.a(lib_a-lock.o)
                                                  c:/program files (x86)/gnu arm embedded toolchain/9 2020-q2-update/bin/../lib/gcc/arm-none-eabi/9.3.1/../../../../arm-none-eabi/lib/thumb/v7e-m+fp/hard\libc.a(lib_a-__call_atexit.o)
__lock___dd_hash_mutex                            c:/program files (x86)/gnu arm embedded toolchain/9 2020-q2-update/bin/../lib/gcc/arm-none-eabi/9.3.1/../../../../arm-none-eabi/lib/thumb/v7e-m+fp/hard\libc.a(lib_a-lock.o)
__lock___env_recursive_mutex                      c:/program files (x86)/gnu arm embedded toolchain/9 2020-q2-update/bin/../lib/gcc/arm-none-eabi/9.3.1/../../../../arm-none-eabi/lib/thumb/v7e-m+fp/hard\libc.a(lib_a-lock.o)
__lock___malloc_recursive_mutex                   c:/program files (x86)/gnu arm embedded toolchain/9 2020-q2-update/bin/../lib/gcc/arm-none-eabi/9.3.1/../../../../arm-none-eabi/lib/thumb/v7e-m+fp/hard\libc.a(lib_a-lock.o)